180 [game]
1st ACD [demo]
221B Baker Street (case disk) [game]
221B Baker Street [game]
3-D Tic-Tac-Toe [game] (4x)
3D-Noughts & Crosses [game]
5200 [rom]
747 Landing Simulator [game]
8 Players Demo [demo]
800 A PAL [rom]
800 B NTSC [rom]
A to snad ne! 1 [game]
A to snad ne! 2 [game]
A.D.2204 czyli Sexmisja (disk 1) [game]
A.D.2204 czyli Sexmisja (disk 1/2) [game]
A.D.2204 czyli Sexmisja (disk 2) [game]
A.D.2204 czyli Sexmisja (disk 2/2) [game]
ABBUC Demo I [demo]
ABBUC Demo II [demo]
ABBUC/Pokey Demo [demo]
AE (disk 1/2) [game]
AE (disk 2/2) [game]
AMS Classical [demo]
AMS Misc Music [demo]
AMS Movie Music [demo]
AMS New Music [demo]
AMS Oldies [demo]
APC Partro [demo]
ASF Demo [demo]
ATC [demo]
Abbuc21 [demo]
Abracadabra (verified dump) [game]
Abracadabra [game] (3x)
Abraxas: Assault on the Astral Rift (disk 1/2) [game]
Abraxas: Assault on the Astral Rift (disk 2/2) [game]
Ace Ploter [demo]
Ace of Aces [game] (2x)
Acey Deucey [game] (2x)
Acrobat (basic) [game]
Acrobat [game] (2x)
Action Biker (compressed) [game]
Action Biker [game]
Action Quest [game] (5x)
Adax [game]
Adebar [game]
Adult Games Selection 1 [game]
Adventure 01: Adventureland (disk 1/2) [game]
Adventure 01: Adventureland (disk 2/2) [game]
Adventure 01: Adventureland (text ver) [game]
Adventure 01: Adventureland [game]
Adventure 02: Pirate Adventure (czech text ver) [game]
Adventure 02: Pirate Adventure (disk 1/2) [game]
Adventure 02: Pirate Adventure (disk 2/2) [game]
Adventure 02: Pirate Adventure (text ver) [game]
Adventure 02: Pirate Adventure [game]
Adventure 03: Mission Impossible (disk 1/2) [game]
Adventure 03: Mission Impossible (disk 2/2) [game]
Adventure 03: Mission Impossible [game] (2x)
Adventure 04: Voodoo Castle (disk 1/2) [game]
Adventure 04: Voodoo Castle (disk 2/2) [game]
Adventure 04: Voodoo Castle (text ver) [game]
Adventure 04: Voodoo Castle [game]
Adventure 05: The Count (disk 1/2) [game]
Adventure 05: The Count (disk 2/2) [game]
Adventure 05: The Count (text ver) [game]
Adventure 05: The Count [game]
Adventure 06: Strange Odyssey (disk 1/2 pro) [game]
Adventure 06: Strange Odyssey (disk 2/2 pro) [game]
Adventure 06: Strange Odyssey (text ver) [game]
Adventure 06: Strange Odyssey [game]
Adventure 07: Mystery Fun House (text ver) [game]
Adventure 07: Mystery Fun House (text version) [game]
Adventure 08: Pyramid of Doom (text ver) [game]
Adventure 09: Ghost Town (text ver) [game]
Adventure 10: Savage Island Part 1 (text ver) [game]
Adventure 12: The Golden Voyage (text ver) [game]
Adventure 13: Sorcerer of Claymorgue Castle (disk 1/2) [game]
Adventure 13: Sorcerer of Claymorgue Castle (disk 2/2) [game]
Adventure 13: Sorcerer of Claymorgue Castle (text ver) [game]
Adventure 13: Sorcerer of Claymorgue Castle [game]
Adventure at Vandenberg A.F.B. [game]
Adventure in Time [game] (3x)
Adventure in the 5th Dimension [game]
Adventure! [game]
After Pearl [game]
Agent 009 [game] (2x)
Agent USA (filed) [game]
Agent USA [game] (4x)
Agirl [demo]
Agregat [demo]
Air Attack [game]
Air Commbat [game] (2x)
Air Hockey [game]
Air Raid 2000 [game]
Air Strike II [game] (3x)
Air Strike [game] (2x)
Air Support [game]
Air Traffic Controller [game] (2x)
Air-Raid! [game] (3x)
Airline (czech) [game]
Airline (german) [game]
Airline melody [demo]
Airwolf [game] (2x)
Akkorden [demo]
Aladin [game]
Alcohol Digi [demo]
Alex (Robbo III) [game]
Alexandr [game]
Alf Demo [demo]
Alf Scroll [demo]
Alf in the Color Caves [game] (4x)
Alfa Boot Game Demo [demo]
Alfa Boot Part I [game]
Alfa Boot Part II [game]
Alfa Boot Part III [game]
Alfa Boot [game]
Alfa Musix [demo]
Ali Baba and the Forty Thieves [game]
Aliants [game]
Alice in Wonderland (disk 1/2) [game]
Alice in Wonderland (disk 2/2) [game]
Alien Ambush [game] (2x)
Alien Bugs [game]
Alien Swarm [game] (2x)
Alien [demo]
Alley Cat (400) [game]
Alley Cat (XL) [game]
Alley Cat [game]
Allies [game]
Alpha Shield [game] (3x)
Alphabet Zoo [game] (2x)
Alpman [game] (2x)
Alternate Reality: The City (disk 1/4) [game]
Alternate Reality: The City (disk 2/4) [game]
Alternate Reality: The City (disk 3/4) [game]
Alternate Reality: The City (disk 4/4) [game]
Alternate Reality: The Dungeon (disk 1) [game]
Alternate Reality: The Dungeon (disk 21) [game]
Alternate Reality: The Dungeon (disk 22) [game]
Alternate Reality: The Dungeon (disk 31) [game]
Alternate Reality: The Dungeon (disk 32) [game]
Amaurote (compressed) [game]
Amaurote [game] (2x)
Amazed [game] (2x)
Amazing Maze [game]
Amazing [game]
Ami Samplinx [demo]
Amnesia [game]
Amphibian! [game]
Analog Man [game]
Anarchy [demo]
Andermajd [demo]
Android (packed) [game]
Android Demo [demo]
Android [game]
Andromeda Conquest [game]
Andromeda [game] (3x)
Androton [game]
Andru [game]
Angleworms II [game] (2x)
Ankh [game]
Annael [demo]
Annoyed Angel [demo]
Another Speedtro [demo]
Another World [game]
Ant-Eater [game] (2x)
Apocalypse Time #1 (disk 1/2) [mag]
Apocalypse Time #1 (disk 2/2) [mag]
Apple Panic [game] (3x)
Aquatron [game] (2x)
Arachnid [game] (2x)
Arax [game]
Arcade Fruit Machine [game]
Arcanoid II [game]
Archon (verified dump) [game]
Archon II: Adept [game] (4x)
Archon [game] (5x)
Ardeny 1944 Game Demo [demo]
Ardy the Aardvark [game] (5x)
Arena [game] (4x)
Arex [game] (6x)
Args-Lemmings Demo [demo]
Arkanoid II [game]
Arkanoid [game] (3x)
Arkanoids [game]
Armageddon [demo]
Armor Assault [game]
Around the Planet [game]
Arrow One [game] (2x)
Artefakt Przodkow [game]
Artefakt [demo]
Ascii Art [demo]
Ashido [game]
Assignment 46 [game]
Asteroids (verified dump) [game]
Asteroids 2 [game] (2x)
Asteroids [game] (3x)
Astro Chase (cart ver) [game]
Astro Chase (filed) [game]
Astro Chase [game] (2x)
Astro Droid [game] (2x)
Astro Grover [game] (2x)
Astromeda [game]
Astron IX [game] (2x)
Astrowarriors [game] (2x)
Asylum [game]
Atari 130XE Shiny Bubbles [demo]
Atari 8-bit Birthday Demo 1 [demo]
Atari 8-bit Birthday Demo 2 [demo]
Atari 8-bit Boink [demo] (2x)
Atari Adventure [game] (2x)
Atari Basic (rev A) [user]
Atari Basic (rev B) [user]
Atari Basic (rev C) [user]
Atari Blackjack Casino [game] (2x)
Atari Dealer Demo 1980 (Text Altered) [demo]
Atari Dealer Demo [demo]
Atari Double Monopoly [game]
Atari Expo 1991 Demo [demo]
Atari Fleet [demo]
Atari Game Music [demo]
Atari Girls (disk 1) [demo]
Atari Girls (disk 2) [demo]
Atari Invaders [game]
Atari Pop Demo [demo]
Atari Robot & Rocket Demo (compressed) [demo]
Atari Robot & Rocket Demo [demo]
Atari Rogue [game]
Atari Spring 1996 Fair Demo Project (disk 1/2) [demo]
Atari Spring 1996 Fair Demo Project (disk 2/2) [demo]
Atari Stars Demo [demo]
Atari XL Sokoban [game]
Atarian Attack [game]
Atarivia [game] (2x)
Ataroid [game]
Atartris [game] (2x)
Atlantis (disk 1/4) [game]
Atlantis (disk 2/4) [game]
Atlantis (disk 3/4) [game]
Atlantis (disk 4/4) [game]
Atlantis Revenge [game]
Atlantis [game] (2x)
Atom Smasher [game] (3x)
Atomia [game] (2x)
Atomit II [game]
Atomit [game]
Atomova Katedrala [game] (2x)
Attack (overdumped) [game]
Attack [game]
Attack at EP-CYG-4 [game] (2x)
Attack of the Mutant Camels [game] (2x)
Aura BBS Pinball [game]
Aura [demo]
Aurum [game]
Auto Rally [game]
Autoduel (disk 1/4) [game]
Autoduel (disk 2/4) [game]
Autoduel (disk 3/4) [game]
Autoduel (disk 4/4) [game]
Autoduel (disk A/4) [game]
Autoduel (disk B/4) [game]
Autoduel (disk C/4) [game]
Autoduel (disk D/4) [game]
Avalanche (Analog) [game] (3x)
Avalanche (Atari) [game]
Avalon Music Demo [demo]
Avalon Quiz [game]
Axel Fooley Music [demo]
Axel Fooley [demo]
Axilox [game]
Axis Assasin [game] (3x)
Axis Slot Machine [game]
Aztec (filed) [game]
Aztec (trainer) [game]
Aztec Challenge 2 [game] (2x)
Aztec Challenge [game] (3x)
Aztec [game] (2x)
AzzKick [demo]
B1 Nuclear Bomber [game]
BGM [game] (2x)
BMX Simulator [game] (3x)
BSS Magazine 1 [mag]
BSS Magazine 2 [mag]
Babble [demo]
BacMSX [demo]
Back Track [game]
Back in Time [demo]
Back to Life [demo]
Backgammon [game]
Bacterion! The Plague of 2369 [game] (3x)
Baja Buggies [game] (3x)
Bajtek Show 1.0 [demo]
Bajtek Show 2.0 [demo]
Ballada o Januszku [demo]
Ballblaster [game] (4x)
Ballblazer (verified dump) [game]
Ballblazer [game] (4x)
Balleantro [demo]
Ballistic Interceptor [game] (2x)
Balloon Capers [game]
Balloonier [game]
Balls'n'Boobies Pinball [game]
Ballsong Nr.1 [demo]
Ballsong Nr.2 [demo]
Balltrap [game] (2x)
Ballyhoo (side 1 release 97) [game]
Ballyhoo (side 2 release 97) [game]
Bandits (pro) [game]
Bandits [game]
Bank Bang! (trainer) [game]
Bank Panik [game] (2x)
Banklan Demo 2 [demo]
Bannercatch (pirated) [game]
Bannercatch [game]
Banzai [game]
Barahir [game] (2x)
Barbarian [game] (2x)
Barnyard Blaster [game]
Barymag 1 (side 1) [mag]
Barymag 1 (side 2) [mag]
Barymag 2 (side A/4) [mag]
Barymag 2 (side B/4) [mag]
Barymag 2 (side C/4) [mag]
Barymag 2 (side D/4) [mag]
Baseball [game] (2x)
Basil: The Great Mouse Detective (trainer) [game]
Basketball [game] (2x)
Batandy [demo]
Bats [game]
Battalion Commander [game]
Battle Ships [demo]
Battle Ships [game]
Battle Trek [game]
Battle for Normandy (french) [game]
Battle for Normandy [game]
Battle in the B Ring [game] (2x)
Battle of Britain [game]
Battlezone [game]
Batty Builders [game]
Bay Pilot [game]
Bc's Quest for Tires [game] (3x)
Bdemo [demo]
Beach Landing [game]
Beach-Head (filed) [game]
Beach-Head II: The Dictator Strikes Back (pirated) [game]
Beach-Head [game]
Beamatron [game] (2x)
Beamrider [game] (2x)
Bean Machine [game]
Beer Belly Burt's Brew Biz! [game] (2x)
Behind Jaggi Lines [game] (2x)
Bellum [game]
Belmondo 2 [demo]
Belmondo [demo]
Beneath Apple Manor [game]
Beneath the Pyramids [game]
Berserker Raids [game]
Berzerk (Ulf Petersen) [game]
Berzerk [game] (4x)
Beta Run [game]
Bewesoft's Demo [demo]
Bewesoft's Race [game]
Beyond Castle Wolfenstein [game] (2x)
Biene Maja [game]
Big Atari 8-bit Demo (disk 1/2) [demo]
Big Atari 8-bit Demo (disk 2/2) [demo]
Big Bird's Funhouse [game] (2x)
Big Bird's Special Delivery [game] (2x)
Big Ones [demo]
Big Scroll [demo]
Big Zine [demo]
Bigfoot [game]
Bilbo (pacman) [game] (2x)
Bilbo [game]
Billiards [game] (2x)
Biodefense [game] (4x)
Bird Demo [demo]
Birth of the Phoenix [game] (2x)
Bismarck (disk 1/2) [game]
Bismarck (disk 2/2) [game]
Bitter Reality [demo]
Black Hawk [game] (2x)
Black Hole Pinball [game] (2x)
Black Lamp (filed) [game]
Black Lamp 2 [game]
Black Lamp [game] (2x)
Blast! [game] (2x)
Blinky's Scary School [game] (2x)
Blip! [game]
Block Puzzle 1 [game] (3x)
Block Puzzles [game]
Blockaboo [game]
Blok-Head [game]
Blondell [game]
Blood Fighter Game Demo [demo]
Blue Max [game] (4x)
Blue Max: 2001 (pirated) [game]
Blue Max: 2001 [game]
Blue Print (5200 conversion) [game]
Blue Print [game]
Blue Team Bridge (docs) [game]
Blue Team Bridge (game) [game]
Blue Thunder [game] (3x)
Boing II [game]
Boing! [game]
Bomb Blast It! [game] (4x)
Bomb Down [game] (2x)
Bomb Fusion [game]
Bombay Game Demo [demo]
Bombi [game]
Bonanza [demo]
Bongo [game]
Bonifac [game]
Bonk [game] (2x)
Bonus Side '96 (disk 1/2) [demo]
Bonus Side '96 (disk 2/2) [demo]
Bonus [demo]
Bootleg [game]
Bop'N Wrestle (disk 1/2) [game] (2x)
Bop'N Wrestle (disk 2/2) [game] (3x)
Boulder Bombers [game] (2x)
Boulder Dash (BD12) [game]
Boulder Dash (BD13) [game]
Boulder Dash (BD14) [game]
Boulder Dash (BD15) [game]
Boulder Dash (BD16) [game]
Boulder Dash (BD17) [game]
Boulder Dash (BD18) [game]
Boulder Dash (BD19) [game]
Boulder Dash (BD20) [game]
Boulder Dash (BD21) [game]
Boulder Dash (BD22) [game]
Boulder Dash (BD23) [game]
Boulder Dash (BD24) [game]
Boulder Dash (BD25) [game]
Boulder Dash (BD26) [game]
Boulder Dash (BD27) [game]
Boulder Dash (BD28) [game]
Boulder Dash (BD29) [game]
Boulder Dash (BD30) [game]
Boulder Dash (BD31) [game]
Boulder Dash (BD32) [game]
Boulder Dash (Cyranka) [game]
Boulder Dash (czech) [game]
Boulder Dash (different caverns) [game]
Boulder Dash Construction Kit [game]
Boulder Dash II [game] (3x)
Boulder Dash Micro [game] (2x)
Boulder Dash [game] (4x)
Boulders and Bombs [game] (2x)
Bounty Bob Strikes Back (trainer) [game]
Bounty Bob Strikes Back [game] (2x)
Bowling (version 2) [game]
Bowling [game]
Box-In [game]
Breath of the Dragon [game] (2x)
Brian Oliva's North Shore Amisball Pinball [game]
Brian Oliva\'s North Shore Amisball Pinball [game] (2x)
Bricklayer's Nightmare [game] (2x)
Brik Bat [game]
Bristles [game] (3x)
Broadsides [game]
Bron Chaosu [demo]
Bros [game]
Bruce Lee (title) [game]
Bruce Lee [game] (5x)
Brundles (level 1) [game]
Brundles (level 2) [game]
Brundles (main) [game]
Bubble Trouble [game]
Buck Rogers [game] (3x)
Buffalo Stampede [game]
Bug Attack [game] (2x)
Bug Hunt (Lightgun) [game]
Bug Hunt [game]
Bug Off! [game] (2x)
Bugout [game]
Bulldog Pinball [game] (2x)
Bumper Ball [game] (2x)
Bumper! Pinball [game]
Bumpomov's Dogs [game]
Burger Time [game]
Burgers! [game] (3x)
Buried Bucks [game] (3x)
Business World [game]
Busy Baby [game] (2x)
Button Demo [demo]
C'Est la Vie [game] (2x)
C-64 Adventure [game]
C64 Frea [demo]
C64 Screen Shots 1 [demo]
C64 Screen Shots 2 [demo]
CIS Musicshow [demo]
CMC Music Set [demo]
CSS [demo]
California Gold [game] (2x)
California Run [game]
Cambodia [game] (2x)
Cameleon [game]
Camelot [demo]
Candy Factory [game] (2x)
Canfield [game]
Cannibals [game] (4x)
Canyon Climber (no title) [game]
Canyon Climber [game] (2x)
Canyon Fly [game]
Capital! [game] (2x)
Captain Beeble [game]
Captain Cosmo [game] (3x)
Captain Gather [game] (2x)
Captain Sticky's Gold [game] (2x)
Capture the Flag (Sirius) [game] (2x)
Capture the Flag (Timmins) [game]
Capture the Flag (disk ver) [game]
Capture the Flag (filed) [game]
Capture the Flag [game]
Carnival Massacre [game] (2x)
Carnival Pinball [game]
Carpe Demo [demo]
Carwars [game]
Cassette Music Kaleidoscope [demo]
Castle Attack [game] (2x)
Castle Hassle [game] (2x)
Castle Hexagon [game]
Castle Quest [game]
Castle Wolfenstein [game] (2x)
Castles and Keys [game]
Catapault [game]
Catapede [game] (2x)
Caterpiggle [game] (3x)
Catnap [game] (2x)
Cavelord (czech) [game]
Cavelord (german) [game]
Cavelord [game] (5x)
Caveman II [game]
Caveman Joe [demo]
Cavern Commander [game]
Cavernia [game] (2x)
Caverns of Callisto [game]
Caverns of Eriban [game] (2x)
Caverns of Khafka [game] (3x)
Caverns of Mars (disk ver) [game]
Caverns of Mars (verified dump) [game]
Caverns of Mars II [game] (2x)
Caverns of Mars [game]
Cellar Terror [game]
Centipede (1981 ver) [game]
Centipede (1982 patched) [game]
Centipede (1982 ver) [game]
Centipede (5200 conversion) [game] (2x)
Centipede [game] (4x)
Centurion: Defender of Rome [game]
Ceres [game]
Challenge 5 [game] (2x)
Challenger [demo]
Chambers of Zorp [game] (2x)
Chancellor of the Exchequer [game]
Change [game]
Chaos [demo]
Checker King [game] (2x)
Checkers [game] (3x)
Checkers v2.1 [game] (2x)
Chemlab [game]
Chess (Atari) [game] (3x)
Chess (Compute) [game]
Chess 7.0 [game]
Chess [game]
Chessmaster 2000 (disk 1/2) [game]
Chessmaster 2000 (disk 2/2) [game]
Chessmaster 2000 (single disk ver) [game]
Chessmaster 2000 [game]
Chicken [game] (3x)
Chimera [game] (4x)
Chomper [game] (3x)
Chop Suey [game] (5x)
Choplifter! (colorized) [game]
Choplifter! [game] (3x)
Chopper Hunt [game] (2x)
Chopper Rescue [game]
Chopperoid [game] (2x)
Chram zkazy [game]
Chris92 [demo]
Christmas 89 Demo [demo]
Christmas Demo [demo]
Christmas Eve Nightmare [game]
Chromatics [game]
Chuckie Egg [game] (3x)
Cimex Rex [game] (2x)
Circus Pinball [game]
Citadel Warrior [game] (2x)
Cityhawk [game]
Claim Jumper [game] (2x)
Climber 5 [game] (4x)
Clipper [game]
Cloud Hopper [game]
Cloudburst [game] (2x)
Clowns and Balloons [game] (2x)
Cobra Raccce..! [game]
Cocktail Backgammon [game] (2x)
Cohen's Towers [game] (3x)
Collapse [game]
Collision Course [game] (2x)
Colonial Conquest [game]
Colony 7 [game] (2x)
Colony [game] (2x)
Colossus Chess 3.0 [game] (2x)
Colossus Chess 4.1 [game] (2x)
Colourspace (docs) [demo]
Colourspace (program) [demo]
Combat Leader [game]
Comet Game, The [game]
Commando Game Demo [demo]
Commbat [game] (2x)
Computer Adventure [game]
Computer Ambush [game]
Computer Baseball (disk 1/2) [game]
Computer Baseball (disk 2/2) [game]
Computer Cricket [game]
Computer Live [game]
Computer Quarterback [game]
Computer War [game] (2x)
Compy Shop Demo Part 4 [demo]
Compy Shop Demo Part 6 (House of Rising Sun) [demo]
Compy Shop Demo Part 7 [demo]
Compy Shop Demo [demo]
Conan (side 1/2) [game]
Conan (side 2/2) [game]
Conan (side a) [game]
Conan (side b) [game]
Conflict in Vietnam [game]
Confuzion [game]
Congo Bongo [game] (3x)
Contagion [game]
Controller [game]
Cool Emotion (disk 1/2) [demo]
Cool Emotion (disk 2/2) [demo]
Cool Tris [game]
Cops'n'Robbers [game]
Copter Chase [game] (2x)
Corsair [game]
Cosinus Demo [demo]
Cosmic Balance II [game]
Cosmic Balance [game]
Cosmic Defender [game] (2x)
Cosmic Glob [game] (3x)
Cosmic Invasion [game]
Cosmic Life [game] (3x)
Cosmic Pirate [game]
Cosmic Tunnels [game] (3x)
Cosmic Zap [game] (2x)
Cosmos Pinball [game]
Couch Potatoes [demo]
Countdown (Microvalue) [game]
Countdown (Synapse) [game] (3x)
Countdown (Synapse, pirated) [game] (2x)
Countermeasure [game] (2x)
Crab Nebula [game]
Crack-up! [game]
Craps [game] (2x)
Crash Dive [game] (2x)
Crazy Clown Jumper [game] (2x)
Crazy Dino [demo]
Crazy Kicker Pinball [game]
Crazy Scooter [game] (2x)
Creature Creator [game]
Creep [game] (2x)
Creepshow Pinball [game]
Crime Busters (verified dump) [game]
Crisis Center [game]
Crisis Mountain [game] (2x)
Crockford's Trench [demo]
Crossbow [game]
Crosscheck [game]
Crossfire [game] (3x)
Crumble's Crisis [game]
Crusade in Europe [game]
Crush, Crumble and Chomp [game]
Crypt of Undead [game] (3x)
Crypto-Gram [game]
Crypts of Egypt [game]
Crypts of Plumbous [game] (2x)
Crystal Castles [game] (3x)
Crystal Demo 1 [demo]
Crystal Demo 2 [demo]
Crystal Demo 3 [demo]
Crystal Demo 4 [demo]
Crystal Demo 5 [demo]
Crystal Raider [game] (3x)
Cultivation [game]
Curse of Crowley Manor (1981 ver) [game]
Curse of Crowley Manor (1982 ver) [game]
Curse of the Pharaoh [game]
Cuthbert Goes Walkabout [game] (2x)
Cutthroats (disk 1/2) [game]
Cutthroats (disk 2/2) [game]
Cuttle Mania (PAL) [game]
Cuttle Mania [game]
Cybernome [game] (2x)
Cycle Knight [game]
Cyclod [game]
Cygnus X1 [game]
Cypher Bowl [game] (2x)
Cyrtabor [game]
Cytron Masters [game] (3x)
Cywilizacja [game]
Czarny Orzel [game] (3x)
Czaszki [game] (2x)
D4ktro [demo]
D8k [demo]
DYE [demo]
Da Fuzz [game] (2x)
Dagobar (compressed) [game]
Dagobar [game] (2x)
Dairy Farming [game]
Dan Strikes Back [game] (5x)
Dance Fantasy [game] (3x)
Dandy (levels 1) [game]
Dandy (levels 2) [game]
Dandy (levels 3) [game]
Dandy (levels 4) [game]
Dandy (levels 5) [game]
Dandy (levels 6) [game]
Dandy (main) [game]
Dandy [game]
Danger Ranger [game] (2x)
Dangerous Street [game]
Darg (pirated) [game]
Darg [game]
Dark Abyss [game] (2x)
Dark Star (Mitchell) [game] (2x)
Dark Star [game] (2x)
Darkness Hour [game] (2x)
Darts [game] (2x)
Das Omen [demo]
Datasoft Demo 1 [demo]
Datasoft Demo 2 [demo]
Dateline Titanic [game]
David's Midnight Magic (pirated) [game] (2x)
David's Midnight Magic [game]
Dawn Raider [game]
Dawn of Civilization [game]
Daxey Demo [demo]
Daxey Musix [demo]
Deadline (disk 1/2 release 26) [game]
Deadline (disk 2/2 release 26) [game]
Death Race [game] (3x)
Death Races [game]
Death Star [game] (2x)
Death Zone Pinball [game]
Death for Dealers [demo]
Deathland (trainer) [game]
Deathzone [game] (2x)
Decathlon [game] (4x)
Defend [game] (2x)
Defender [game] (4x)
Deimos [game]
Deja Vu (disk A) [game]
Deja Vu (disk B) [game]
Deja Vu (disk C) [game]
Deja Vu (disk D) [game]
Delirium Tremens [demo]
Deluxe Invaders [game]
Demo Collection [demo]
Demo2 [demo]
Demologicus [demo]
Demon Attack [game] (4x)
Demon Ball Pinball [game]
Demon Birds [game] (2x)
Demon Racer [game]
Demonic Laughter [demo]
Der Blitz! (hack of ?) [game]
Der Blitz! [game]
Desert Falcon [game]
Desmond's Dungeon [game] (3x)
Despatch Rider [game] (2x)
Destination Unknown [game] (2x)
Destiny: The Cruiser [game] (2x)
Destroyers [game]
Devil's Caverns [game]
Devil's Dare [game] (2x)
Diamond Mine [game] (2x)
Diamonds [game] (3x)
Dictum Acerbum [demo]
Diese Demo [demo]
Dig Dug (5200 conversion) [game] (2x)
Dig Dug [game] (5x)
Digger Bonk [game] (3x)
Digi Duck [game]
Digit Drums [demo]
Digital Bonanza [demo]
Digital CMC II [demo]
Digital Concert II [demo]
Digital Data [demo]
Digital Nosebleed [demo]
Digital Sound Demo 1 (disk 1/2) [demo]
Digital Sound Demo 1 (disk 2/2) [demo]
Digital Sound Demo 2 (disk 1/2) [demo]
Digital Sound Demo 2 (disk 2/2) [demo]
Digitsound Nr.1 [demo]
Diktator [game]
Dimension X (title) [game]
Dimension X [game] (2x)
Dinamic Piko Demo [demo]
Dinky-Do [game] (2x)
Divested Bell Pinball [game]
Dizzy Dice [game] (2x)
Dog Daze Deluxe [game] (3x)
Dog Daze [game]
Dograce [game] (2x)
Domain of the Undead [game] (2x)
Doman [demo]
Domination [game]
Don's Ball Pinball [game]
Don't Ask Demo (disk 1/2) [demo]
Don't Ask Demo (disk 2/2) [demo]
Don't Shoot That Word [game] (2x)
Donald Duck [game]
Donald [game]
Donkey Kong (verified dump) [game]
Donkey Kong Jr [game] (4x)
Donkey Kong [game] (4x)
Doofy [game]
Double Trouble Pinball [game] (2x)
Doyou [demo]
Dr.Boom Pinball [game]
Dr.Download Pinball [game] (2x)
Dr.Livingston [game]
Dr.Seuss: Fix-Up the Mix-Up Puzzler [game] (2x)
Dr.Tom's Castle [game]
Dr.Waco Pinball [game] (2x)
Draconus (filed) [game]
Draconus Demo [demo]
Draconus [game] (3x)
Dracula [demo]
Drag Construction Set [game]
Drag [game]
Dragon Quest [game]
Dragon's Keep [game]
Dragonriders of Pern [game]
Drakula [game] (2x)
Dreadnaught Factor [game] (3x)
Dreadnought [game]
Drelbs [game] (3x)
Droga Wojownika Game Demo [demo]
Droga Wojownika [game]
Droids [game] (2x)
Drol (colorized) [game]
Drol [game]
Drop It [game]
Dropzone [game] (3x)
Druid [game] (2x)
Drunk Chessboard [demo]
Drunk Tank [demo]
Dscrol [demo]
Duch [game]
Ducks Ahoy [game] (2x)
Duelists [game]
Duelling Droid [game] (2x)
Duesie [demo]
Duksap [demo]
Dumpf Machine [game]
Dungeon Lord [game]
Dungeons Dragons and Other Perils [game]
Dungeons of Xotha 2 [game]
Dungeons of Xotha [game]
Durtle Pinball [game] (2x)
Dwie Wieze [game] (3x)
Dynakillers Game Demo [demo]
Dynakillers [game]
Dziedzictwo Gigantow [game]
E.T. Phone Home (verified dump) [game]
E.T. Phone Home [game]
Eagles [game]
Eamon [game] (2x)
Earth 2500 [game]
Earth Quake 1906 [game] (2x)
Earth View (docs) [edu]
Earth View [edu]
East Side Story [game]
Eastern Front (1941) (disk ver) [game]
Eastern Front (1941) (verified dump) [game]
Eastern Front (1941) [game] (2x)
Easy Money [game]
Edelweiss (disk 1/2) [demo]
Edelweiss (disk 2/2) [demo]
Eggard [game] (3x)
Egypt Ball Pinball [game] (2x)
Eidolon [game]
Einstein [demo]
Electra [game] (2x)
Electrician [game] (4x)
Electroids [game] (2x)
Electron's Slideshow (disk 1/2) [demo]
Electron's Slideshow (disk 2/2) [demo]
Elektraglide [game] (5x)
Elenium [demo]
Elevator Repairman [game] (2x)
Eliminator [game] (2x)
Eliza (basic) [game]
Eliza [game]
Embargo [game] (2x)
Emerald Isle (text ver) [game]
Emerald Isle (text version) [game]
Emil [game]
Empire Strikes Back (title) [game]
Empire Strikes Back [game]
Empire of the Over-Mind [game]
Enchanter 01: Enchanter (disk 1/2 release 16) [game]
Enchanter 01: Enchanter (disk 2/2 release 16) [game]
Enchanter 01: Enchanter (side 1 release 16) [game]
Enchanter 02: Sorcerer (disk 1/2 release 06) [game]
Enchanter 02: Sorcerer (disk 2/2 release 06) [game]
Enchanter 02: Sorcerer (side 1 release 06) [game]
Enchanter 02: Sorcerer (side 2 release 06) [game]
Enchanter 03: Spellbreaker (side 1 release 63) [game]
Enchanter 03: Spellbreaker (side 2 release 63) [game]
Encounter! [game] (4x)
Endless Dream [demo]
Entrance of Dragon [demo]
Epidemic [game]
Epyx Previews [demo]
Equation of Time [demo]
Equestrian [game]
Erg [game]
Ernie's Magic Shapes [game] (2x)
Eryus [game] (3x)
Escape from Doomworld [game] (2x)
Escape from Satellite A19790C [game]
Escape from Traam [game] (2x)
Escape from Vulcan's Isle [game] (2x)
Espial [game] (2x)
Essex (disk 1A/4) [game]
Essex (disk 1B/4) [game]
Essex (disk 1C/4) [game]
Essex (disk 1D/4) [game]
Ethincolor [demo]
Euchre [game]
Eureka [game]
Euro Business [game]
European Super Soccer [game]
Evader Construction Set (disk 1/2) [game]
Evader Construction Set (disk 2/2) [game]
Eve Demo [demo]
Everything Goes [game]
Evolution [game]
Excalibur [game] (2x)
Excelsor [game] (2x)
Exchange [game] (2x)
Exit Watch [game] (2x)
Exocet Blastoff [game] (2x)
Exodus [demo]
Extirpator [game]
Extract [demo]
Eye of the Tiger [demo]
Eyebro [demo]
F15 Strike Eagle (compressed filed) [game]
F15 Strike Eagle (filed) [game]
F15 Strike Eagle [game]
Face Maker [game] (3x)
Factor Blast [game]
Fajer [demo]
Falapac [demo]
Falcon [demo]
Falcon [game]
Fanatic [demo]
Fantastic Soccer [game]
Fantastic Voyage [game] (2x)
Fantasyland 1: Congoland [game]
Fantasyland 2041 [game]
Fantasyland 2: Arabian Adventure [game]
Fantasyland 3: King Arthur [game]
Fantasyland 4: Olympus [game]
Fantasyland 5: Capt Nemo [game]
Fantasyland 6: Dante's Inferno [game]
Fast Eddie [game] (3x)
Fastgammon [game]
Fatum Intro [demo]
Fatum [game]
Fear [game] (2x)
Feud (czech) [game]
Feud [game] (3x)
Fidget [game] (2x)
Field of Fire (game) [game]
Field of Fire (scenario) [game]
Fight Night (main) [game]
Fight Night (play) [game]
Fighter Pilot (Interceptor) [game]
Fighter Pilot [game] (4x)
Fill [game]
Fill'Er Up! II [game] (3x)
Film Editor Player [demo]
Final Flight [game] (2x)
Final Legacy (beta) [game]
Final Legacy (verified dump) [game]
Final Legacy [game] (6x)
Final Orbit [game] (2x)
Fire Bug [game] (2x)
Fire Chief [game] (2x)
Fire One [game] (2x)
Fire Stone [game]
Firebird [game] (2x)
Firefleet [game] (2x)
Fireworks [demo]
Fishing Fun [game]
Flak [game] (2x)
Flapper [game]
Flappy [game]
Flash Gordon [game] (2x)
Flight Simulator II (cart ver) [game]
Flight Simulator II (disk 1/2) [game]
Flight Simulator II (disk 2/2) [game]
Flip and Flop [game] (2x)
Floor Walker [game] (2x)
Flop #28 (side 1/2) [mag]
Flop #28 (side 2/2) [mag]
Flop #29 (side 1/2) [mag]
Flop #29 (side 2/2) [mag]
Flop #30 (side 1/2) [mag]
Flop #30 (side 2/2) [mag]
Flop #31 (side 1/2) [mag]
Flop #31 (side 2/2) [mag]
Flop #32 (side 1/2) [mag]
Flop #32 (side 2/2) [mag]
Flop #33 (side 1/2) [mag]
Flop #33 (side 2/2) [mag]
Flop #34 (side 1/2) [mag]
Flop #34 (side 2/2) [mag]
Flop #35 (side 1/2) [mag]
Flop #35 (side 2/2) [mag]
Flop #36 (side 1/2) [mag]
Flop #36 (side 2/2) [mag]
Flop #37 (side 1/2) [mag]
Flop #37 (side 2/2) [mag]
Flop #38 (side 1/2) [mag]
Flop #38 (side 2/2) [mag]
Flop #39 (side 1/2) [mag]
Flop #39 (side 2/2) [mag]
Flop #40 (side 1/2) [mag]
Flop #40 (side 2/2) [mag]
Flop #41-42 (disk A/4) [mag]
Flop #41-42 (disk B/4) [mag]
Flop #41-42 (disk C/4) [mag]
Flop #41-42 (disk D/4) [mag]
Floyd the Droid [game] (2x)
Fly Blaster [game]
Flying Ace [game] (2x)
Flying Tigers [game]
Fooblitzky [game]
Food Fight [game] (2x)
Football (verified dump) [game]
Football [game] (4x)
Footballer of the Year [game]
For Example [demo]
Forbidden Forest [game] (3x)
Force of Four [game]
Fort Apocalypse [game] (4x)
Fortress (another tetris) [game]
Fortress (tetris) [game]
Fortress Underground [game]
Fortress [game] (2x)
Four by Four [game] (2x)
Fractals [demo]
Fraction Fever [game] (2x)
Fraktalshow [demo]
Frank & Mark (intro) [game]
Frank & Mark [game]
Frantic! [game]
Freaky Factory [game]
Fred (filed) [game]
Fred [game] (2x)
Free Trader [game]
French [edu]
Frenesis [game]
Frogger (tape ver) [game]
Frogger II: Threedeep! [game] (3x)
Frogger [game]
Froggie [game] (2x)
Frogs and Flies [game] (3x)
Frosty [demo]
Fuck You Czauczesku [demo]
Fucked Vocabulary [demo]
Fuji Boink [demo]
G Men [game] (2x)
GATO [game] (2x)
GCA Sound [demo]
Gabi [game]
Gag64 [demo]
Galactic Avenger [game] (2x)
Galactic Chase [game] (4x)
Galactic Cresta [game]
Galactic Empire [game]
Galactic Pinball [game]
Galahad and the Holy Grail [game] (2x)
Galaxian [game] (3x)
Gallahad [game]
Galleons [game] (2x)
Game of Live! [game]
Garden of Confusion [game]
Garfield [demo]
Gateway to Apshai [game] (3x)
Gauntlet (disk 1/2) [game]
Gauntlet (disk 2/2) [game]
Gauntlet (small) [game]
Gauntlet [game] (2x)
Gem Drop [game]
Gemstone Warrior [game]
Genesis [game] (2x)
Genetic Drift [game] (2x)
German [edu]
Getaway [game] (2x)
Ghost Encounters [game] (2x)
Ghost Hunter [game] (2x)
Ghost! [game] (2x)
Ghostbusters (filed) [game]
Ghostbusters Picture [demo]
Ghostbusters [game] (4x)
Ghostchaser [game] (4x)
Gitter [demo]
Gladiator [game] (3x)
Glaggs It [game]
Global War [game]
Go [game]
Gold Hunter [game] (2x)
Gold Mine [game]
Golden Cellar [game]
Golden Gloves [game]
Golden Oldies (disk 1/2) [game]
Golden Oldies (disk 2/2) [game]
Golf Challenge [game] (2x)
Golf Championship (disk 1/2) [game]
Golf Championship (disk 2/2) [game]
Golfer [game] (2x)
Gomoku [game]
Goonies [game]
Gorf [game] (2x)
Gorgon [game]
Gossip [game] (2x)
Grand-Prix Simulator [game]
Graphicmaster II [demo]
Green Beret [game]
Greener than You Think [game]
Greenout [game]
Greg Music Collection [demo]
Gremlin [demo]
Gremlins [game] (4x)
Gridrunner 2 [game] (3x)
Gridrunner [game] (3x)
Gridwars [game]
Grisu [game]
Groove (PAL) [game]
Groove [game]
Grow Worm [game]
Gruds in Space (disk 1/2) [game]
Gruds in Space (disk 2/2) [game]
Grzyb Gfx Collection [demo]
Grzyby [demo]
Gtracker / Vivid Gfx (disk 1/2) [demo]
Gtracker / Vivid Gfx (disk 2/2) [demo]
Guard [game] (2x)
Guardians of the Gorn [game] (2x)
Guderian [game]
Gumball (filed) [game]
Gumball [game] (3x)
Gumby Ball Pinball [game]
Gun Boat [game]
Gun-Powder-Charlie [game] (3x)
Gunfight [game] (4x)
Gunhead [game]
Gunlaw [game]
Gunship Demo [demo]
Gunslinger (disk 1/6) [game]
Gunslinger (disk 2/6) [game]
Gunslinger (disk 3/6) [game]
Gunslinger (disk 4/6) [game]
Gunslinger (disk 5/6) [game]
Gunslinger (disk 6/6) [game]
Gwendolyn (disk 1/2) [game]
Gwendolyn (disk 2/2) [game]
Gypsy [game] (2x)
Gyruss [game] (3x)
H.A.R. [demo]
H.E.R.O. [game] (3x)
H2O [game]
Hacker (filed) [game]
Hacker [game]
Halftime Battlin' Bands [game] (2x)
Halleproject 1993 (disk 1/3) [demo]
Halleproject 1993 (disk 2/3) [demo]
Halleproject 1993 (disk 3/3) [demo]
Halleproject 1994 (disk 1/2) [demo]
Halleproject 1994 (disk 2/2) [demo]
Hallwall [game]
Halo! [demo]
Hammurabi (czech) [game]
Hammurabi [game]
Hangman [game]
Hans Kloss [game] (2x)
Hanse XL [game]
Happy Demo (disk 1/2) [demo]
Happy Demo (disk 2/2) [demo]
Happy Demo [demo]
Har Demo 1 [demo]
Hard Hat Mack [game] (3x)
Hardball (filed) [game]
Hardball (verified dump) [game]
Hardball [game] (2x)
Hardhat Willy [game] (2x)
Hats [game]
Haunted Hill [game] (3x)
Hawkmoon [game]
Hawkquest (disk 1A/4) [game]
Hawkquest (disk 1B/4) [game]
Hawkquest (disk 2A/4) [game]
Hawkquest (disk 2B/4) [game]
Hawkquest (mission 1, 2) [game]
Hawkquest (mission 3, 4) [game]
Hawkquest (mission 5, end) [game]
Hazard Run [game] (2x)
Head over Heels [game]
Headbanger [game] (2x)
Heartache [game]
Heartlight [game]
Hearts [game]
Heathcliff: Fun with Spelling [game]
Heavy Metal [game] (2x)
Hedgehog Music Collection [demo]
Helicopter Pilot [game]
Helix [game]
Hell [demo]
Hellfire Warrior [game]
Hello Boys [demo]
Henri (other dump) [game]
Henri [game] (3x)
Henry's House [game] (2x)
Herbert (side 1) [game]
Herbert (side 2) [game]
Herbert II (side 1) [game]
Herbert II (side 2) [game]
Hi Guys [demo]
High Voltage [demo]
Highrise (Microlearn) [game] (2x)
Highrise [game]
Highway Duel [game]
Hijack [game] (2x)
Hip 16tro [demo]
Historia [demo]
Hivmania [game]
Hlavolam 1 [game]
Hlavolam 2 [game]
Hobbytronic Demo '89 (side 1) [demo]
Hobbytronic Demo '89 (side 2) [demo]
Hobbytronic Demo '90 [demo]
Hobbytronic Demo '91 (side 1) [demo]
Hobbytronic Demo '91 (side 2) [demo]
Hobbytronic Demo '92 (side 1) [demo]
Hobbytronic Demo '92 (side 2) [demo]
Hockey (Gamma) [game]
Hollywood Hijinx (side 1 release 37) [game]
Hollywood Hijinx (side 2 release 37) [game]
Hollywood Medieval [demo]
Hollywood Medieval [game]
Homer Bear in Homer's Honey Craze [game]
Honky [game]
Horses [demo]
Hot Copter [game] (2x)
Hot Lips [game] (2x)
Hot Rod Raider [game] (2x)
Hotel Alien (disk 1/2) [game]
Hotel Alien (disk 2/2) [game]
House of Usher [game] (2x)
Hover Bovver [game] (2x)
Humanoid [game]
Hurrz [demo]
Hydraulik [game] (2x)
Hyperblast [game]
Hyperborea [game]
IL3 [demo]
INTROZ [demo]
IO [game]
IQ Master [game]
Illuminati [game]
Imagine (compressed) [game]
Imagine [game]
Impact [game]
Imperial Walker [game]
Implosion [demo]
In Search of the Most Amazing Thing (disk 1/2) [game]
In Search of the Most Amazing Thing (disk 2/2) [game]
Incoming [game] (2x)
Indiana Jones: Pyramids of Giza [game] (2x)
Infantry Squad (disk 1/2) [game]
Infantry Squad (disk 2/2) [game]
Infantry Squad [game]
Infidel (disk 1/2 release 22) [game]
Infidel (disk 2/2 release 22) [game]
Infiltrator [game]
Insects [game]
Inside [game] (2x)
Inspektor [game]
Intel Outside (side 1) [demo]
Intel Outside (side 2) [demo]
International Karate [game]
Interval [game]
Into Deep [game]
Into the Eagle's Nest (file ver) [game]
Into the Eagle's Nest [game] (2x)
Intro 1 [demo]
Intro 2 [demo]
Intro 97 [demo]
Intro X [demo]
Intruder Alert! [game]
Intuitare Game Demo [demo]
Invasion [game] (2x)
Invitro 94 [demo]
Invitro 95 [demo]
Invitro [demo]
Ion Power Pinball [game]
Ion Roadway [game] (3x)
It's About Time [game]
Ixion (pirated) [game] (2x)
JackDemo [demo]
Jadgstaffel [game] (2x)
Jaffar [game] (2x)
James Bond [game] (4x)
Jane's Program [demo]
Janosik [game]
Jaskiniowiec [game]
Java Jim [game] (2x)
Jawbreaker 2 [game]
Jawbreaker Contruction Set [game]
Jeepers Creepers [game] (3x)
Jennifer Rush digi [demo]
Jet Boot Jack (400) [game]
Jet Boot Jack (XL) [game]
Jet Boot Jack [game] (2x)
Jet Set Willy [game]
Jetman [game] (2x)
Jewels of Darkness 1: Colossal Adventure (text ver) [game]
Jewels of Darkness 1: Colossal Adventure [game]
Jewels of Darkness 2: Adventure Quest (text ver) [game]
Jewels of Darkness 2: Adventure Quest [game] (2x)
Jewels of Darkness 3: Dungeon Adventure (text ver) [game]
Jewels of Darkness 3: Dungeon Adventure [game]
Jewels of Darkness Trilogy [game]
Jigsaws: Arc de Triomphe [game]
Jigsaws: Baa Baa Black Sheep [game]
Jigsaws: Bavarian Castle [game]
Jigsaws: Colloseum [game]
Jigsaws: Cottage [game]
Jigsaws: Hickory Dickory Dock [game]
Jigsaws: Humpty Dumpty [game]
Jigsaws: Jack and Jill [game]
Jigsaws: London Bridge [game]
Jigsaws: Pantheon [game]
Jigsaws: Tower Bridge [game]
Jigsaws: Tower of London [game]
Jigsaws: Windsor Castle [game]
Jinxter (disk 1/2) [game]
Jinxter (disk 2/2) [game]
Jocky Wilson's Darts Challenge [game] (2x)
Joe Blade II [game]
Joe Blade [game] (2x)
Joint [demo]
Journey into Sound (side 1) [demo]
Journey into Sound (side 2) [demo]
Journey to the Planets [game] (2x)
Joust (1987 ver) [game]
Joust (unknown ver) [game]
Joust [game] (2x)
Joyride (disk 1) [demo]
Joyride (disk 2) [demo]
Juggler [game]
Juggles' House [game]
Juggles' Rainbow [game]
Juice! [game] (2x)
Jumbo Jet Pilot [game] (3x)
Jump Jet [game]
Jump! [game]
Jumping Jack [game] (3x)
Jumping Jack's Big Adventure [game]
Jumping Jim [game]
Jumpman (pro) [game]
Jumpman Junior [game] (4x)
Jumpman [game]
Jungle Boy [game]
Jungle Hunt (verified dump) [game]
Jungle Hunt [game] (2x)
Juno First [game] (2x)
Jupiter Mission 1999 (disk 1/4) [game]
Jupiter Mission 1999 (disk 2/4) [game]
Jupiter Mission 1999 (disk 3/4) [game]
Jupiter Mission 1999 (disk 4/4) [game]
Jurassic Park [game]
Just Fancy [demo]
Juzek [demo]
K-Razy Antiks [game] (2x)
K-Razy Kritters [game] (2x)
K-Razy Shootout [game] (2x)
K-Robbo 1 [game]
K-Robbo 2 [game]
K-Robbo 3 [game]
K-Robbo 4 [game]
K-Star Patrol [game] (2x)
Kaboom! (verified dump) [game]
Kaboom! [game] (4x)
Kaiser [game]
Kaleidoskop [demo]
Kampania Wrzesniowa [game]
Kangaroo [game] (3x)
Kapitan Planeta [game]
Karate Championship [game]
Karate Master [game]
Karateka (pro) [game]
Karateka [game]
Kariera [game] (2x)
Karmic Caverns [game]
Kasiarz [game]
Kaszana [demo]
Kayos [game] (2x)
Kazoo [game] (2x)
Ke-Soft Demos 1 [demo]
Ke-Soft Demos 2 [demo]
Kennedy Approach [game]
Kentucky Derby [game]
Kernaw [game] (2x)
Key Chase [game] (2x)
Keystone Kapers [game] (3x)
Kick Off [game]
Kickback [game] (4x)
Kid Grid [game]
Kidnapped [game]
Kids on Keys [game] (2x)
Kikstart [game] (5x)
Killa Cycle [game] (2x)
Killer Thello [game]
King Arthur's Heir [game] (2x)
King Tut's Tomb [game]
King of the Ring [game]
Kismet [game]
Kissin' Kousins [game] (2x)
Kittdemo [demo]
Kitten [game]
Klatwa [game]
Klystron Raider [game] (2x)
Knight Battle [game]
Knights and Wizards [game]
Knives and Forks [demo]
Knobs and Knockers Pinball [game]
Knock! [game]
Knock-Out [game]
Knockout! [game]
Kolony [game] (2x)
Koronis Rift (pro) [game]
Koronis Rift [game]
Krazy Katerpillars [game] (2x)
Krazy Kopter (version 2) [game]
Krazy Kopter [game] (2x)
Krazy Mazes [game]
Krucjata [game]
Kula [demo]
Kult [game] (2x)
Kupiec [game] (2x)
Kvadryk [game]
Labyrint [game]
Labyrinth 2 [game] (3x)
Labyrinth [game] (2x)
Labyrinths: The Ultimate 3-D Maze Adventure [game]
Lake Demo [demo]
Lambada [demo]
Lamer [demo]
Lancelot [game]
Lander [game]
Landing [game]
Landscape 3 [demo]
Landscape [game] (3x)
Lapis Philosophorum: The Philosophers' Stone (disk 1/2) [game]
Lapis Philosophorum: The Philosophers' Stone (disk 2/2) [game]
Lapis Philosophorum: The Philosophers' Stone (german disk 1) [game]
Lapis Philosophorum: The Philosophers' Stone (german disk 2) [game]
Las Vegas Casino [game] (2x)
Laser Ants [game] (2x)
Laser Barrage [game]
Laser Base [game]
Laser Chess [game]
Laser Demo [demo]
Laser Gates [game] (2x)
Laser Hawk [game] (2x)
Laser Maze [game]
Laser Strike [game] (2x)
Laser Tennis [game]
Lasermania [game]
Last Chance [game]
Last Guardian [game]
Last Intro '97th [demo]
Last Warrior [game]
Lato Ludzikoff [demo]
Lawkeeper [game] (3x)
Lazer Type [game] (2x)
Lazy Larry [game]
Leader Board Golf [game]
Leap Frog [game]
Leaper [game] (3x)
Learning with Leeper [game]
Leather Goddesses of Phobos (side 1 release 59) [game]
Leather Goddesses of Phobos (side 2 release 59) [game]
Led Zeppelin [demo]
Leggit [game]
Legionnaire [game] (3x)
Lemmings [demo]
Lemonade [game] (2x)
Lepus Revenge [game]
Let's Hop [game]
Letec v jeskyni [game]
Letecky utok [game]
Lethal Weapon [game]
Liebich Demo [demo]
Life [game]
Life in the Fast Lane [game]
Lifespan [game] (2x)
Lift Off with Space Shuttle! (aka Microdeal Shuttle) [game]
Liga Polska [game]
Lighthouse [game]
Lightning Robot [game]
Line-Up [game]
Linking Logic [game] (2x)
List gonczy [demo]
Little Devil [game] (2x)
Little [demo]
Livewire 2 [game]
Livewire [game] (3x)
Living Daylights [game]
Lizard [game]
Lobos [demo]
Loco [game] (3x)
Loco-motion [game] (2x)
Lode Runner (diff ver) [game]
Lode Runner Championship (filed) [game]
Lode Runner Championship [game]
Lode Runner Folly (colored) [game]
Lode Runner [game]
Lode Runner's Rescue (boot) [game]
Lode Runner's Rescue (room) [game]
Logic Levels [game] (2x)
Logistic [game]
Logo Square [game]
Lone Raider [game] (2x)
Lord of Darkness [game]
Lord of the Orb [game] (2x)
Lords of Conquest (side 1) [game]
Lords of Conquest (side 2) [game]
Lords of Karma [game]
Lorien's Tomb [game] (3x)
Los Angeles SWAT [game]
Lost Colony [game]
Lost Tomb [game]
Lost!!! [game]
Lov opic [game]
Lowca [game]
Lucasfilm intro (RoF) [demo]
Lucifer's Realm (disk 1/3) [game]
Lucifer's Realm (disk 2/3) [game]
Lucifer's Realm (disk 3/3) [game]
Lucifer's Realm (text ver) [game]
Lucifer's Realm [game]
Lunar Defender [game]
Lunar Leeper [game]
Lunar Patrol [game]
Lunatic [demo]
M.U.L.E. [game]
MASH 4077 [game] (2x)
MCMXC 2 Demo [demo]
MCMXCII [demo]
Mad Marble Maze [game]
Mad Netter [game]
Mad Sinus [demo]
Madness of 32's [demo]
Madonna [demo]
Madteam ntro [demo]
Magia Fortuny [game]
Magia Krysztalu [game]
Magia [game]
Magic Dimension [game] (2x)
Magic III Pinball [game]
Magic Micro [game]
Magnetic Fields [demo]
Magnetit [game]
Mail Order Monsters (disk 1/2) [game]
Mail Order Monsters (disk 2/2) [game]
Major Bronx [game]
Major League Baseball General Manager [game]
Major League Baseball [game]
Major League Hockey [game] (2x)
Malpass the Asteroid Mines [game] (2x)
Maluchem na party! [demo]
Maneuvering [game]
Maniac Miner [game] (2x)
Maniac [game] (3x)
Mankala [game]
Mar Tesoro [game]
Marauder [game] (2x)
Mario Brothers (bad dump) [game]
Mario Brothers [game] (3x)
Market Blitz [game]
Master Chess [game] (2x)
Master Head [game] (2x)
Master of the Lamps (filed) [game]
Master of the Lamps [game] (2x)
Masters of Electric [demo]
Masters of Time [game]
Masters of Time music [demo]
Masturbator Demo [demo]
Match Racer [game] (3x)
Match [game]
Match-Wits [game]
Matchboxes [game] (3x)
Math Busters [game]
Matrix [game] (4x)
Matta Blatta [game] (2x)
Matterhorn [game] (2x)
Maxwell Manor: Skull of Doom [game] (2x)
Maze War [game] (2x)
Mazerunner [game]
Mediator (filed) [game]
Mediator [game]
Megablast I [game]
Megablast [demo]
Megademo [demo]
Megagun [game]
Megalegs [game] (2x)
Megamania [game] (2x)
Melt-down [game] (2x)
Meltdown (400 version) [game]
Meltdown (400) [game]
Memory Manor [game] (2x)
Menagarie [game]
Mengcop [game] (2x)
Mercenary (filed) [game]
Mercenary [game] (3x)
Merry Christmas Pinball [game]
Merry Christmas [demo]
Metallica - Master of Puppets [demo]
Meteor Storm [game]
Meteor [game] (3x)
Metrix [game]
Micha '92 [demo]
Mickey Goes Exploring [game]
Mickey in the Great Outdoors [game]
Micro Chess [game] (2x)
Micro League Baseball [game]
Micro Shuttle [game] (2x)
MicroMan [game] (2x)
Microprose: Hellcat Ace / Floyd of the Jungle / Chopper Rescue [game]
Microx [game]
Midas Maze [game] (2x)
Middle Earth (map) [game]
Middle Earth (prg) [game]
Midnight [game]
Miecze Valdgira 2 [game]
Miecze Valdgira [game]
Mig Alley Ace [game]
Mike's Casino [game]
Mikrosoft Meta-Basic aneb Ataristuv protiutok [game]
Milk Race [game] (2x)
Millionaire (disk 1/2) [game]
Millionaire (disk 2/2) [game]
Millipede (1983 ver) [game]
Millipede (1984 ver) [game]
Millipede [game]
Millipedes [game]
Mind Buster [game]
Mindshadow (disk 1/2) [game]
Mindshadow (disk 2/2) [game]
Miner 2049er [game] (6x)
Mines [game]
Miniature Golf [game]
Minuet [demo]
Miny [game]
Miracle [demo]
Mirax Force (filed) [game]
Mirax Force [game] (2x)
Mirror [demo]
Misja [game]
Miss Mind Sara [game]
Missile Action [game]
Missile Command (filed) [game]
Missile Command (verified dump) [game]
Missile Command [game] (3x)
Missing [game] (2x)
Mission Shark [game] (2x)
Mission [game]
Mission: Asteroid (disk 1/2) [game]
Mission: Asteroid (disk 2/2) [game]
Misty Caverns [game]
Mixer (side 1) [mag]
Mixer (side 2) [mag]
Modem Magic Pinball [game]
Mogul Maniac [game] (2x)
Molecule Man [game]
Monkey Magic [game]
Monkey Math [game]
Monopoly (german) [game]
Monopoly [game]
Monster Maze [game] (2x)
Monster Pinball [game] (3x)
Monster Smash! [game]
Monstrum [game] (2x)
Montana Solitaire [game] (2x)
Montezuma's Revenge (preliminary cartridge version) [game] (2x)
Montezuma's Revenge (preliminary) [game]
Montezuma's Revenge [game] (2x)
Moogles [game] (2x)
Moon Beam Arcade [game] (2x)
Moon Marauder [game]
Moon Patrol (Avalon Hill) [game] (2x)
Moon Patrol (file ver) [game]
Moon Patrol [game] (2x)
Moon Shuttle [game]
Moonbase Io [game]
Moonlord [game]
Moonmist (side 1 release 4) [game]
Moonmist (side 2 release 4) [game]
Moonshadow [demo]
Mordon's Quest [game]
More [demo]
Morky [game] (2x)
Moscow [demo]
Motocross [game] (3x)
Motorcycle Maze [game]
Mountain Bike Racer [game]
Mountain King [game] (2x)
Mouse Party [game]
Mouse Trap [game]
Mouskattack [game] (2x)
Movem [demo]
Movie Musical Madness [game] (2x)
Movie [demo]
Mozgprocessor [game]
Mpt Demo [demo]
Mr.Bear [game] (2x)
Mr.Cool [game]
Mr.Dig [game] (2x)
Mr.Do [game] (5x)
Mr.Do's Castle [game] (3x)
Mr.M [game]
Mr.Proper Game Demo [demo]
Mr.Robot and His Robot Factory (400) [game]
Mr.Robot and His Robot Factory (XL) [game]
Mr.Robot and His Robot Factory [game] (2x)
Mr.Robot game intro [demo]
Mr.TNT [game] (3x)
Ms.Pac Man [game] (3x)
Muff & Drutt [game]
Multipascal aneb Pomsta sileneho ataristy (alt dump) [game]
Multipascal aneb Pomsta sileneho ataristy (alt dump2) [game]
Multipascal aneb Pomsta sileneho ataristy [game]
Munchy Madness (Quest for Hearts) [game] (2x)
Munsiepede 2 [game]
Munsiepede [game]
Murder on the Zinderneuf [game]
Music 2000 (disk 1A/4) [demo]
Music 2000 (disk 1B/4) [demo]
Music 2000 (disk 2A/4) [demo]
Music 2000 (disk 2B/4) [demo]
Music Box 2 [demo]
Music Box II [demo]
Music Box [demo]
Music Master 2 [demo]
Music Master 3 [demo]
Music Master 4 [demo]
Music Show [demo]
Music Television Mix Fix Demo [demo]
Music from Poland [demo]
Mustack 2 (ver 1) [game]
Mustack 2 (ver 2) [game]
Mustack 2 [game] (4x)
Muzak [demo]
My First Alphabet [edu]
My Jong [game]
MyChess II [game]
Myriapede [game] (4x)
Mysterious Adventure 01: Golden Baton [game] (2x)
Mysterious Adventure 02: Time Machine [game] (2x)
Mysterious Adventure 03: Arrow of Death Part 1 [game]
Mysterious Adventure 04: Arrow of Death Part 2 [game]
Mysterious Adventure 05: Escape From Pulsar7 [game]
Mysterious Adventure 07: Feasability Experiment [game] (2x)
Mysterious Adventure 08: Wizard of Akyrz [game] (2x)
Mysterious Adventure 09: Perseus and Andromeda [game] (2x)
Mysterious Adventure 10: Ten Little Indians [game] (2x)
Mysterious Adventure 11: Waxworks [game] (2x)
N.Y.C.: The Big Apple [game] (2x)
NAM (disk 1/2) [game]
NAM (game) [game]
NAM (scenario) [game]
NATO Commander [game]
Na rozkaz krale [game]
Nadral [game] (2x)
Najebany Mikolajza [demo]
Najemnik [game] (2x)
Nasen Jack [game]
National Flags [edu]
Naturix [game]
Nautilus [game] (2x)
Navy Base 654 [game]
Necromancer (verified dump) [game]
Necromancer [game] (3x)
Nelson Football League [game]
Nemesis [demo]
Nemo's Vault [game] (3x)
Neptune's Daughter [game] (3x)
Neron (filed) [game]
Neron [game]
Netopyr [game]
Neuroid [game]
Neverending Story [game]
News from Turkye [demo]
Nexuss [game] (2x)
Nibbler [game]
Nibelungen (disk 1/4) [game]
Nibelungen (disk 2/4) [game]
Nibelungen (disk 3/4) [game]
Nibelungen (disk 4/4) [game]
Night Mission Pinball [game] (2x)
Night Shade [game]
Night Strike [game] (2x)
Nightmare [game]
Nightraiders (title) [game]
Nightraiders [game] (2x)
Nineball [game] (2x)
Ninja Commando [game]
Ninja Master [game] (2x)
Ninja [game] (2x)
No Nazis [demo]
Noise Phobia [demo]
Noname Demo [demo]
Nonejm [demo]
Nordic Ski [game]
Norma [demo]
Not Very Bad Graphic [demo]
November Demo [demo]
Nuclear Adventure or the North Base [game]
Nuclear Nick [game] (2x)
Nudi [demo]
Numblines [game]
O'Riley's Mine [game] (2x)
Odin [game] (2x)
Ogre [game]
Oh My Dot! [demo]
Oh! Frankie! [game] (2x)
Oil Demo [demo]
Oil's Well [game] (2x)
Old Thunder [demo]
Olde Gold [game]
Ollie's Follies [game] (2x)
Olympia Lexikon (disk 1/2) [edu]
Olympia Lexikon (disk 2/2) [edu]
Olympic Dual [game] (2x)
Olympic Skier [game]
Omega [game] (2x)
Omidor [game] (2x)
On-Track Computer Model Car Racing [game]
One Man and His Droid [game] (3x)
One for the Road [game] (2x)
One-on-One [game] (3x)
Onslaught [game] (3x)
Onyx [game]
Operation Blood [game]
Operation Nova Atari [game]
Operation Whirlwind [game] (2x)
Oral Fantasies (disk 1/2) [demo]
Oral Fantasies (disk 2/2) [demo]
Orange Road Intro [demo]
Oranges and Lemons [game]
Orbit [game] (2x)
Orc Attack [game] (2x)
Orneta [demo]
Osadnicy [game]
Othello (compiled) [game]
Othello II [game]
Othello [game]
Our5oft [demo]
Out of Time (filed) [demo]
Out of Time [demo]
Outer Space Attack [game]
Outer [demo]
Outlaw/Howitzer [game] (2x)
Oxygene [game]
Ozor Demo [demo]
Ozzy's Orchard [game]
P.O.W. [game]
PQR II [game]
Pac Munch Jr [game]
Pac-Man (ver 1) [game]
Pac-Man (ver 2) [game]
Pac-Man (ver 3) [game]
Pac-Man (ver C) [game]
Pac-Man (verified dump) [game]
Pac-Man [game] (2x)
Paccie [game]
Pacific Coast Highway [game] (3x)
Pacman Eric Wolz [game] (3x)
Pacman Jr [game] (3x)
Pacman Knockoff [game]
Pacman Martin Day [game]
Paczka Tynku 2 [mag]
Paczka Tynku 3 [mag]
Paczka Tynku 4 [mag]
Paczka Tynku 5 [mag]
Pairs [game] (2x)
Pakmans Brothers Revenge [game] (3x)
Pang [game]
Panic Express [game] (2x)
Panic [game] (2x)
Panik! [game]
Panther [game]
Paperweight [game]
Parallax [game] (3x)
Paris in Danger [game]
Partro Orneta 96 (disk 1/2) [demo]
Partro Orneta 96 (disk 2/2) [demo]
Party Quiz (disk 1/2) [game]
Party Quiz (disk 2/2) [game]
Passionately [demo]
Pastfinder [game] (4x)
Pathfinder [game]
Patrol Nighthawk One [game]
Peanut Butter Panic [game]
Pegasus Pinball [game]
Pellotte [game]
Pengo [game] (4x)
Pengon [game] (2x)
Pensate [game] (2x)
Perestroyka (german) [demo]
Perestroyka (polish) [demo]
Periscope Up! [game]
Perly Orckyego [game]
Perry Rhodan [demo]
Perxor [game]
Petsabde [demo]
Pewex [demo]
Phantasie (disk 1/4) [game]
Phantasie (disk 2/4) [game]
Phantasie (disk 3/4) [game]
Phantasie (disk 4/4) [game]
Phantastic Journey [game]
Phantom [game]
Pharaoh's Curse [game] (3x)
Pharaoh's Pyramid [game] (2x)
Phobos [game] (2x)
Photo [demo]
Pic 1 [demo]
Pic 2 [demo]
Picnic Paranoia [game] (2x)
Pie Man [game] (2x)
Piekielko [game] (2x)
Pillbox [game] (2x)
Pinball Construction Set [game]
Pines [demo]
Ping [game]
Pinhead [game] (4x)
Pipe Line [game]
Pipeline (Tronix) [game] (2x)
Piranha [game]
Pirates Cove [game] (3x)
Pirates of the Barbary Coast (side 1) [game]
Pirates of the Barbary Coast (side 2) [game]
Pitfall 1 [game] (2x)
Pitfall 2 [game] (3x)
Pitstop II [game] (2x)
Pitstop [game] (4x)
Planet Attack [game]
Planet of Doom [game]
Planetary Defense [game] (3x)
Planetfall (disk 1/2 release 20) [game]
Planetfall (disk 2/2 release 20) [game]
Plaqueman [game] (2x)
Plastron (compressed) [game]
Plastron [game]
Plattermania [game] (2x)
Playboy Centerfold 1982/10 [demo]
Playboy Centerfold 1982/12 [demo]
Playboy Centerfold 1984/01 [demo]
Playful Professor Math Tutor [game]
Plop [game]
Plundered Hearts (side 1 release 26) [game]
Plundered Hearts (side 2 release 26) [game]
Podraz 3 [game]
Podraz 4 [game]
Pogo Joe [game] (2x)
Pogoman [game] (2x)
Poker Tourney [game]
PokerSAM [game]
Polar Explorer [game]
Polar Pierre (game) [game]
Polar Pierre (rooms) [game]
Pole Position (verified dump) [game]
Pole Position Race Designer [game] (3x)
Pole Position [game] (3x)
Polynomials [demo]
Pomsta Sinclairistum [game] (2x)
Pond [game] (2x)
Pong (Champagne) [game]
Pong [game]
Pooka Pinball [game] (2x)
Pool 400 [game]
Pool 87 [game]
Pool [game] (2x)
Pool1pt5 (400 version) [game] (2x)
Pooyan [game] (2x)
Popcorn [game] (2x)
Popeye [game] (5x)
Porky's [game] (2x)
Posthelper [game]
Postman [game]
Poussinet (pirated) [game]
Poussinet [game]
Power Down [game] (2x)
Powerpath [game] (2x)
Powersoft Disk (side 1) [demo]
Powersoft Disk (side 2) [demo]
Preppie [game] (3x)
Preppie! II [game] (2x)
Prizrak Nuly [game]
Pro Mountain Bike Simulator [game] (2x)
Problem Jasia [game]
Professional Roulette [game]
Professor IQ [game] (2x)
Protector (Crystalware) [game]
Protector (Synapse) [game]
Protector II [game] (2x)
Protector [game]
Prudent Dactyl II [game]
Prudent Dactyl III [game]
Prudent Dactyl [game]
Przemytnik [game]
Psychodelic Acied [demo]
Puc-Muc [game]
Pungoland! [game]
Pushky [game]
Pushy Pig [game]
Puzmania Music Player [demo]
Puzmania Music [demo]
Puzmania [game]
Puzzle Gates of the Incas [game]
PuzzlePanic [game]
Puzzlemania [game]
Pyramid Puzzler [game]
Pyramid Run [game]
Pyramid [demo]
Pyramid [game]
Pyramida [game]
Q Bert (other) [game]
Q*Bert [game] (2x)
QMeg 2.3 [rom]
QMeg 3.0 [rom]
QMeg 3.2 [rom]
QMeg 3.7 [rom]
QMeg 3.8 [rom]
QMeg 4.2 [rom]
QMeg 4.3 [rom]
Qb [game]
Qix (5200 version) [game] (2x)
Qix (verified dump) [game]
Qix [game] (3x)
Quadron [game]
Quarxon [game] (2x)
Quasimodo [game] (4x)
Quest for Power [game]
Quest for Quintana Roo [game] (2x)
Quest for the Maltese Chicken [game]
Questprobe 1: Incredible Hulk (disk 1/2) [game]
Questprobe 1: Incredible Hulk (disk 2/2) [game]
Questprobe 1: Incredible Hulk (text ver) [game]
Questprobe 1: Incredible Hulk [game]
Questprobe 2: Spiderman (side 1) [game]
Questprobe 2: Spiderman (side 2) [game]
Questprobe 2: Spiderman (text ver) [game]
Questprobe 2: Spiderman [game]
Questprobe 3: Fantastic Four (side 1) [game]
Questprobe 3: Fantastic Four (side 2) [game]
Quickstep (pirated) [game]
Quickstep [game]
R.O.T.O [game]
Race in Space [game] (3x)
Racing Destruction Set (disk 1/2) [game]
Racing Destruction Set (disk 2/2) [game]
Rack 'Em Up! [game] (2x)
Raid on Gravitron [game] (2x)
Raid over Libya [game]
Raid over Moscow [game] (4x)
Railking [game]
Rainbow Demo [demo]
Rainbow Walker [game]
Rainstorm [game] (2x)
Rainy Day Games [game] (2x)
Rally Speedway [game] (4x)
Rambug II [game] (3x)
Rampage Pinball [game]
Rampage [game]
Raster Blaster [game] (2x)
Rat Race [game]
Ratapede [game]
Rats' Revenge [game] (2x)
Raving Vieprz [demo]
Ray of Hope [demo]
Raytracing Part [demo]
Reactor Five Pinball [game]
Really Unreal [demo]
Realm of Impossibility [game]
Realsports Soccer [game] (2x)
Rebel Assault [demo]
Rebel Charge at Chickamauga (side 1) [game]
Rebel Charge at Chickamauga (side 2) [game]
Rebel Fighter [game] (2x)
Rebound [game] (2x)
Recycle [demo]
Red Baron [game] (2x)
Red Fox [demo]
Red Max [game]
Redhead's Revenge Pinball [game]
Reichl [demo]
Reklama [demo]
Relag [demo]
Relax (RELAX) [game]
Relax [demo]
Renaissance [game] (2x)
Repton [game] (3x)
Resal Demo [demo]
Rescue Mission Phase 2 [game]
Rescue Mission [game] (2x)
Rescue at 94K [game]
Rescue at Rigel [game]
Rescue on Fractalus (trainer) [game]
Rescue on Fractalus (with intro) [game]
Retrakt [demo]
Retrofire! [game] (2x)
Return of Heracles [game]
Revenge of H.T. [demo]
Revenge of Magnus [demo]
Revenge of the Plutonian Flies [game] (2x)
Reverse [game]
Reversi [game] (3x)
Richard Petty's Talladega [game] (3x)
Ricochet [game]
Ringmaster [game] (2x)
Rings of Empire [game]
Riot [game]
Rip Off! [game] (2x)
Risa Zla Intro [demo]
Risky Rescue [game]
River Raid [game] (3x)
River Rat [game] (3x)
River Rescue [game]
Road Block [game] (2x)
Robal [game]
Robbo (compressed) [game]
Robbo (trainer) [game]
Robbo Game Demo [demo]
Robbo Konstruktor [game]
Robbo V [game]
Robin Hood [game]
Robin: Wojownik Czasu [game] (2x)
Robocop [demo]
Robot Battle [game] (3x)
Robot Knights [game]
Robotron 2084 (verified dump) [game]
Robotron 2084 [game] (3x)
Robox [game]
Rock'n'Rhythm [demo]
Rocket Repairman [game] (2x)
Rockford [game]
Rockman [game]
Rocks! [game] (2x)
Roderic [game]
Rogue [game]
Roll 'em! [game] (3x)
Rollerball [game]
Rome and the Barbarians [game] (2x)
Rosen's Brigade [game] (3x)
Rotten Juice [demo]
Rough Rider [game]
Round Up [game]
Roundabout [game]
Ruff'N Ready [game] (2x)
Rum Runner [game] (2x)
Run for It [game]
Run for the Money [game]
Rush Hour [game] (2x)
Rychle Sipy [game]
S.O.S. Mangan (disk 1/2) [game]
S.O.S. Mangan (disk 2/2) [game]
S.S.M.B.'s Music Kaleidoscope [demo]
SOS Saturn [game]
SS Achilles [game] (2x)
ST x 4 [demo]
SWAT (Commando II) [game]
Saddleman [game]
Saigon: The Final Days [game] (2x)
Salmon Run [game] (2x)
Samantha Kino [demo]
Samurai [demo]
Samurai's Game [game]
San Francisco 1906 [game]
Saper (other dump) [game]
Saper Demo [demo]
Saper Konstruktor [game]
Saper [game] (2x)
Saracen (side 1) [game]
Saracen (side 2) [game]
Sarasota Sam [game]
Saratoga [game] (5x)
Sargon II [game] (3x)
Sargon III [game]
Satan's Hollow (pirated) [game] (2x)
Satan's Hollow [game] (2x)
Saturday Demo [demo]
Savage Pond [game]
Scene Register 3.0 [demo]
Schreckenstein [game]
Scooter [game]
Score4 [game] (2x)
Scram [game]
Scramble Fighter [game]
Screaming Wings [game] (6x)
Screw Light (Modified Heartlight) [game]
Screw Light [game]
Scrids [game]
Scrolls of Abadon [game] (4x)
Sea Bandit [game] (3x)
Sea Chase [game] (2x)
Sea Dragon [game] (4x)
Seafox [game] (3x)
Seahorses [game] (2x)
Seaside [demo]
Seastalker (disk 1/2 revision 15) [game]
Seastalker (disk 2/2 revision 15) [game]
Seawolf II [game] (2x)
Seban, ty prosiaq! [demo]
Second Scroll [demo]
Secret Agent: Mission 1 [game]
Sector 10 [game]
See-Saw Scramble [game] (2x)
Seeschlacht [game]
Self Control [demo]
Senso [game]
Sentinel I [game] (3x)
Sentinel [game]
Serpent's Star (disk 1/4) [game]
Serpent's Star (disk 2/4) [game]
Serpent's Star (disk 3/4) [game]
Serpent's Star (disk 4/4) [game]
Serpentine (file ver) [game]
Serpentine (verified dump) [game]
Serpentine [game] (2x)
Sesame Street Letter Go Round [game] (3x)
Seven Cities of Gold (game) [game]
Seven Cities of Gold (map) [game]
Sevens [game] (2x)
Sex Cartoon [demo]
Sex-Dat [demo]
Sexual Experiences (disk 1/2) [demo]
Sexual Experiences (disk 2/2) [demo]
Sexversi (compressed) [game]
Shadow Hawk One [game] (2x)
Shadow Shapes [demo]
Shadow World [game] (2x)
Shadows Boby [demo]
Shaft Raider [game] (2x)
Shake! [demo]
Shakeful [demo]
Shamus [game] (2x)
Shamus: Case II [game]
Shanghai (filed) [game]
Shanghai [game]
Sharp Shooter [game]
Shatablast [game] (2x)
Shattered Alliance [game]
Ship Demo [demo]
Ship [game] (2x)
Shit (Ang) [game]
Shit (Ke-Soft) [game]
Shithead in the Space Temple [game]
Shoot [game] (2x)
Shooting Arcade [game] (2x)
Showdown Hockey! [game]
Showdown [game] (3x)
Shuffler [game]
Shuttle Intercept [game] (2x)
Sidewinder II [game] (3x)
Sidewinder [game] (3x)
Silent Service [game] (2x)
Silicon Dreams 1: Snowball (text ver) [game]
Silicon Dreams 1: Snowball (text version) [game] (2x)
Silicon Dreams 2: Return to Eden (text ver) [game]
Silicon Dreams Trilogy [game]
Silicon Warrior [game] (2x)
Silicon [game] (2x)
Sillent but Violent [demo]
Silver Demo [demo]
Simple Minds (filed) [game]
Simple Minds [game]
Simulated Computer II [game] (2x)
Sintro 256B [demo]
Sisyphos [game]
Skarbnik (diff dump) [game]
Skarbnik [game]
Ski Construction Set (german) [game]
Ski Construction Set [game]
Ski Run [game] (2x)
Skirmish [game] (2x)
Sky Blazer [game] (2x)
Sky Writer [game]
Sky [demo] (2x)
Sleazy Adventure [game]
Slide [game] (2x)
Slinky [game] (3x)
Slither [game] (3x)
Slot Machine [game]
Slot Trivia [game]
Sludge [game]
Smack [game]
Small Demo [demo]
Smuffie's World (side 1/3) [game]
Smuffie's World (side 2/3) [game]
Smuffie's World (side 3/3) [game]
Smurf Demo [demo]
Smus (compressed) [game]
Smus [game]
Snake Byte [game]
Snake Panic [game]
Snake [demo]
Snapper [game]
Sneak Attack [game]
Sneakers [game] (3x)
Snokie [game] (4x)
Snooker (CDS) [game] (2x)
Snooker (Thorn EMI) [game]
Snooker [game]
Snow Ball Fight [game] (3x)
Snowball [game]
Snowplow [game] (2x)
Soccer (Gamma) [game]
Soccer (Thorn EMI) [game] (2x)
Soft Toy [game] (2x)
Softball Pinball [game]
Soko-Ban [game]
Solitaire [game]
Solo Flight [game] (2x)
Some Damn Fool... (speech) [demo]
Sound Machine 2 (disk 1/2) [demo]
Sound Machine 2 (disk 2/2) [demo]
Sound'n'Sampler [demo]
Sound-Monitor [demo]
Space 1999 (czech) [game]
Space 1999 [game]
Space Ace [game] (2x)
Space Ball Pinball [game] (2x)
Space Battle [game]
Space Beagle Hyper Drive [game]
Space Blaster [game] (2x)
Space Bowl [game]
Space Cowboy [game]
Space Dungeon [game]
Space Eggs [game] (3x)
Space Hawk [game] (2x)
Space Invaders (5200 conversion) [game] (2x)
Space Invaders [game] (3x)
Space Journey [game] (2x)
Space Lobsters (filed) [game]
Space Lobsters (french) [game]
Space Pussies [game]
Space Shot Pinball [game]
Space Shuttle: Journey Into Space [game]
Space Station 2048 [game]
Space Station Zulu [game]
Space Trouble II (side 1) [game]
Space Trouble II (side 2) [game]
Space War [game] (2x)
Space Zap [game]
Spaceball [game] (2x)
Spare Change [game]
Spark Bugs [game] (2x)
Special Delivery [game] (4x)
Speed Ace [game]
Speed Hawk [game]
Speed King [game] (2x)
Speed Matter [game] (2x)
Speed Run [game]
Speed Ski [game] (2x)
Speed Zone [game] (2x)
Speedway Blast [game] (2x)
Spellbound (czech) [game]
Spellbound [game] (2x)
Spelldiver [game]
Spellicopter (data) [game]
Spellicopter (game) [game]
Spelunker (Broderbund) [game]
Spelunker [game]
Sperm Invaders [game]
Sphinx Demo [demo]
Spider Invasion [game] (2x)
Spider [game] (2x)
Spiderquake [game]
Spiky Harold [game]
Spindizzy [game] (2x)
Spinning [demo]
Spitfire 40 (filed) [game]
Spitfire 40 [game]
Splat [game]
Splitting Headache [demo]
Springer [game] (3x)
Sprong [game]
Spy Games [game]
Spy Hotel [game]
Spy Hunter (pirated) [game]
Spy Hunter [game] (5x)
Spy Master [game]
Spy Plane [game]
Spy Strikes Back [game]
Spy Vs Spy 1 (filed) [game]
Spy Vs Spy 1 [game] (2x)
Spy Vs Spy 2: Island Caper (filed) [game]
Spy Vs Spy 2: Island Caper [game] (2x)
Spy Vs Spy 3: Artic Antics (filed) [game]
Spy Vs Spy 3: Artic Antics [game]
Spy's Demise (title) [game]
Spy's Demise [game] (3x)
Sqoid [game]
Squish 'Em! [game] (2x)
Stack Up [game] (2x)
Star Crystals [game] (3x)
Star Fleet I (disk 1/2) [game]
Star Fleet I (disk 2/2) [game]
Star Intruder [game]
Star Island [game] (2x)
Star League Baseball [game] (2x)
Star Lords [game]
Star Maze [game]
Star Raiders (verified dump) [game]
Star Raiders II (file ver) [game]
Star Raiders II [game] (3x)
Star Raiders [game] (2x)
Star Rider [game] (2x)
Star Trek 3 [game]
Star Trek [game] (2x)
Star Trux [game] (3x)
Star Warp [game]
Star Wars (Zeppelin/Domark) [game]
Star Wars [game] (3x)
Starball (PAL) [game]
Starball [game]
Starbase Fighter [game] (2x)
Starblade (czech) [game]
Starblade [game]
Starbowl Football [game] (2x)
Starbrite Pinball [game]
Starcross (release 15) [game] (2x)
Stardate 4001 Pinball [game]
Starfire Warrior [game] (2x)
Starfire [game] (2x)
Stargate Courier [game] (2x)
Stargunner [game]
Starion [game] (2x)
Starquake [game] (2x)
Starquest: Star Warrior [game]
Stars [game]
Starship Pinball [game]
Starsoft Demo 3 [demo]
Starsquare [game]
Static [game]
Stationfall (side 1 release 107) [game]
Stationfall (side 2 release 107) [game]
Stealth [game] (4x)
Steeple Jack [game]
Stellar Shuttle [game] (2x)
Stereo Demo [demo]
Stf [demo]
Stickybear Basket Bounce [game]
Stone of Sisyphus (disk 1/2) [game]
Stone of Sisyphus (disk 2/2) [game]
Stop [demo]
Storm [game]
Story Machine [game] (2x)
Stranded [game] (2x)
Strange Invasion 93/10 (side 1) [mag]
Strange Invasion 93/10 (side 2) [mag]
Strange Mountains II [demo]
Strange Mountains [demo]
Strasidelny Zamek [game]
Stratos [game] (2x)
Stratosphere [game]
Street Fighter II [demo]
Streets (pirated, compressed, trainer) [game]
Streets [game]
Strip Blackjack [game]
Strip Poker (Dominique & Lindsay) [game]
Strip Poker (Ernie & Earl) [game]
Strip Poker (Marlena & Candi) [game]
Strip Poker (program) [game]
Strzyga [game]
Stud Poker [game]
Studio Dream [demo]
Stun Trap [game] (2x)
Stuntman [game]
Sub Attack [game]
Submarine Commander [game] (3x)
Submission [game] (2x)
Summer Games (side 1) [game]
Summer Games (side 2) [game]
Sumo [game]
Sun Star [game] (2x)
Sunday Golf [game]
Super Asteroids [game]
Super Boink [demo]
Super Breakout (paddles?) [game]
Super Breakout [game]
Super Bunny: Punch Those Parasites! [game] (2x)
Super Clown [game]
Super Cobra [game] (2x)
Super Cubes (compressed) [game]
Super Cubes [game]
Super Fortuna [game]
Super Huey [game]
Super Husa [game]
Super Pac Man [game] (3x)
Super Querg Chess [game]
Super Stud Poker [game]
Super Zaxxon [game] (5x)
Supereversion [game]
Superman: The Game [game] (2x)
Superwurm [game]
Surf's Up (disk 1/2) [game]
Surf's Up (disk 2/2) [game]
Survival of the Fittest [game]
Survivor [game]
Suspended (disk 1/2 release 7) [game]
Suspended (disk 2/2 release 7) [game]
Suzi Pictures [demo]
Swamp Chomp [game] (2x)
Swan Demo (other dump) [demo]
Swan Demo [demo]
Swiat Olkiego [game]
Swing [demo]
Syn Boga Wiatru [game] (2x)
Synapse Demo Disk 1a [demo]
Synapse Demo Disk 1b [demo]
Synapse Demo Disk 2 [demo]
Synapse Demo Disk 3 [demo]
Synapse Demo Disk 4 [demo]
Synapse Demo Disk 6 [demo]
Synapse Demo Disk [demo]
Syntron [game]
Szalone Miasto Game Demo [demo]
T-34: The Battle (side 1) [game]
T-34: The Battle (side 2) [game]
T.G.I.F. - Thanks God it's Friday [game] (2x)
TAC [game]
TACF 7th [demo]
TAT Demo 2 [demo]
TFC Demo [demo]
TT Racer [game] (2x)
Table Football [game] (2x)
Tactic [game]
Tada.wav [demo]
Tagalon [game]
Taipan [game]
Taipei XL [game] (2x)
Tales of Dragons and Cavemen [game]
Tanium [game] (2x)
Tank Battle [game]
Tank Commander [game] (2x)
Tank vs Tank [game]
Tanks [game] (2x)
Tapper (pirated) [game] (2x)
Tapper [game] (4x)
Taquart [demo]
Tarzan [game] (2x)
Tat Demo 3 [demo]
Tauz / Kelb (docs) [game]
Tauz / Kelb (game) [game]
Tawerna [game]
Tax Dodge [game] (2x)
Taxicab Hill [game] (2x)
Te.Mod [demo]
Tech-Tech Intro [demo]
Technoid (TECHNOID trainer) [game]
Technoid (trainer) [game]
Technoid [game] (2x)
Technus [game]
Techtro [demo]
Teddy Bear's Picnic [game]
Telengard [game]
Telephone Terror [game]
Temple of Apshai Trilogy [game]
Temple of Apshai [game]
Tennis [game] (3x)
Terminal [game]
Terminator [game]
Tetris 3D [game]
Tetrix [game] (4x)
The Adventure Trilogy [game]
The Adventures of Buckaroo Banzai (side 1) [game]
The Adventures of Buckaroo Banzai (side 2) [game]
The Adventures of Dr.Jones (disk 1/2) [game]
The Adventures of Dr.Jones (disk 2/2) [game]
The Arcade Machine (disk 1/2) [game]
The Arcade Machine (disk 2/2) [game]
The Atari Olympics [game]
The Bat's Infusion [demo]
The Battle of Shiloh [game]
The Big House [game]
The Black Hole [game]
The Blade of Blackpoole (disk 1/2) [game]
The Blade of Blackpoole (disk 2/2) [game]
The Break [demo]
The Car S.A. [game]
The Cavern of Death [game]
The Citadel [game]
The Clash of Kings [game] (2x)
The Convicts [game]
The Cranston Manor Adventure (pro) [game]
The Dallas Quest (side 1 title) [game]
The Dallas Quest (side 1) [game]
The Dallas Quest (side 2 title) [game]
The Dallas Quest (side 2) [game]
The Dark Crystal (side A disk 1/3) [game]
The Dark Crystal (side A disk 2/3) [game]
The Dark Crystal (side A disk 3/3) [game]
The Dark Crystal (side B disk 1/3) [game]
The Dark Crystal (side B disk 2/3) [game]
The Dark Crystal (side B disk 3/3) [game]
The Dragon's Eye [game]
The Dream [demo]
The E Factor [game] (2x)
The Escaper [demo]
The Eternal Dagger (data A/4) [game]
The Eternal Dagger (data B/4) [game]
The Eternal Dagger (game A/4) [game]
The Eternal Dagger (game B/4) [game]
The Exterminator [game] (2x)
The Final Fight [game]
The First Attack (disk 1/2) [demo]
The First Attack (disk 2/2) [demo]
The First Explosion [demo]
The Fish-Adventures of Mr.Fish [game]
The Forgotten Island [game]
The Great American Cross-Country Road Race (filed) [game]
The Great American Cross-Country Road Race [game] (2x)
The Great Lakes Atari Computer Users Conference Demo [demo]
The Guild of Thieves (disk 1/2) [game]
The Guild of Thieves (disk 2/2) [game]
The Halley Project [game]
The Hayes Brothers Sound Demo 2 [demo]
The Hitchhiker's Guide to the Galaxy (disk 1/2 release 47) [game]
The Hitchhiker's Guide to the Galaxy (disk 2/2 release 47) [game]
The Incredible Laboratory [game] (2x)
The Institute (disk 1/2) [game]
The Institute (disk 2/2) [game]
The Jet Action [game] (3x)
The Kill Zone! [game] (2x)
The Korbol Demo [demo]
The Last Starfighter (czech) [game]
The Last Starfighter [game] (3x)
The Last V8 [game] (3x)
The Lurking Horror (side 1 release 203) [game]
The Lurking Horror (side 2 release 203) [game]
The Maniac Tales II [game]
The Maniac Tales [game]
The Mask of the Sun (disk 1/4) [game]
The Mask of the Sun (disk 2/4) [game]
The Mask of the Sun (disk 3/4) [game]
The Mask of the Sun (disk 4/4) [game]
The Name Rose [game]
The Orb of Zarramier [game]
The Paradise Threat [game] (2x)
The Pawn (disk 1) [game]
The Pawn (disk 2) [game]
The Princess and the Frog [game] (3x)
The Puzzler [game]
The Quest of the Space Beagle (disk 1/2) [game]
The Quest of the Space Beagle (disk 2/2) [game]
The Rotberg Synthesizer [demo]
The Sands of Egypt [game]
The Secret Diary of Adrian Mole (part 1) [game]
The Secret Diary of Adrian Mole (part 2) [game]
The Secret Diary of Adrian Mole (part 3) [game]
The Secret Diary of Adrian Mole (part 4) [game]
The Secret of Kyobu Di [game]
The Short Circuit [demo]
The Silicon Axe [demo]
The Tail of Beta Lyrae [game] (3x)
The Time and Magic 1: Lords of Time (text ver) [game]
The Time and Magic 2: Red Moon [game]
The Time and Magic 3: Price of Magik [game]
The Top #1 [demo]
The Top #2 [demo]
The Top #3 [demo]
The Treasures of Barboz [game]
The Underworld [game]
The Wall [game]
The Warsaw Robbo [game]
The White House [demo]
The Wizard and the Princess (disk 1/2) [game]
The Wizard and the Princess (disk 2/2) [game]
Theatre Europe [game] (2x)
Thera-Med [game] (2x)
Things in the Dark [game]
Think + Work [game]
Thinker [game] (2x)
Thr Mission [demo]
Thrax Lair [game] (2x)
Threshold [game]
Thrust (title) [game]
Thrust [game] (3x)
Thunder Ball Pinball [game]
Thunderbombs [game] (2x)
Thunderfox (cart ver) [game]
Thunderfox [game]
Tiger Attack [game]
Tiger Hunter [game]
Tigers in the Snow [game]
Tigris [game]
Tilt [game]
Time Runner [game] (2x)
Time To Enjoy (compressed) [demo]
Time To Enjoy [demo]
Timebound [game] (2x)
Timeslip [game] (2x)
Tiny Mite [game]
Titan [game]
Titlebout (data) [game]
Titlebout (game) [game]
Tobi or Not Tobi [demo]
Toboggan Run [game]
Tobot, Part II [game]
Tomahawk (european filed) [game]
Tomahawk (european) [game]
Tomahawk [game] (2x)
Tommingi (disk 1/2) [game]
Tommingi (disk 2/2) [game]
Toms Gamo [demo]
Tonk in the Land of Buddy-Bots [game]
Too Hard 2 [demo]
Too Hard [demo]
Top Gun Pinball [game] (2x)
Top Magazin 93/02 (side 1) [mag]
Top Magazin 93/02 (side 2) [mag]
Top Magazin 93/04 (side 1) [mag]
Top Magazin 93/04 (side 2) [mag]
Top Magazin 93/07 (side 1) [mag]
Top Magazin 93/07 (side 2) [mag]
Top Magazin 93/08 (side 1) [mag]
Top Magazin 93/08 (side 2) [mag]
Top Magazin 93/09 (side 1) [mag]
Top Magazin 93/09 (side 2) [mag]
Top Magazin 93/10 (side 1) [mag]
Top Magazin 93/10 (side 2) [mag]
Top Magazin 93/11 (side 1) [mag]
Top Magazin 93/11 (side 2) [mag]
Top Magazin 93/12 (side 1) [mag]
Top Magazin 93/12 (side 2) [mag]
Top Magazin 94/02 (side 1) [mag]
Top Magazin 94/02 (side 2) [mag]
Top Magazin 95/05 (side 1) [mag]
Topper [game] (2x)
Touchdown Football [game]
Tower Toppler (verified dump) [game]
Tracer [game] (2x)
Track Attack [game]
Track and Field (compressed) [game]
Track and Field [game] (2x)
Trailblazer [game] (2x)
Train [demo]
Trains [game]
Transmuter [game] (2x)
Transylvania [game] (2x)
Treasure Hunt [game]
Tree Surgeon [game] (3x)
Trencheon [game] (2x)
Tretis [game]
Triad [game]
Trial by Fire [game]
Tricky Tracks [game]
Trion [game]
Triumph [game]
Trivia Quest (disk 1/4) [game]
Trivia Quest (disk 2/4) [game]
Trivia Quest (disk 3/4) [game]
Trivia Quest (disk 4/4) [game]
Trivia Quiz (disk 1/2) [game]
Trivia Quiz (disk 2/2) [game]
Trivial Pursuit (game) [game]
Trivial Pursuit (quest 1) [game]
Trivial Pursuit (quest 2) [game]
Trix [game]
Troll War 2 [game] (2x)
Troll War [game] (2x)
Troll's Tale [game]
Trolls and Tribulations [game] (2x)
Tron Light Cycles [game]
Tron [game] (2x)
Trull [game]
Tube Baddies [game]
Tumble Bugs [game] (2x)
Tune In [game]
Tuptus [game] (2x)
Turbican [game]
Turecky pochod [demo]
Turmoil [game] (3x)
Tusker [game]
Tutankham [game] (2x)
Tutti Frutti [game]
Twerps [game]
Twilight World [game]
Twogun [game] (2x)
Twomaze [game] (2x)
Tylenol Factory (same as Bean Machine) [game]
Tylenol Factory [game]
Typo Attack (newer) [game]
Typo Attack (older) [game]
Typo Attack (verified dump) [game]
Typo [game] (2x)
U.S.A.A.F. (boot) [game]
U.S.A.A.F. (game) [game]
U2 Digi Demo [demo]
U235 [game] (2x)
USA States [edu]
Uczen Czarnoksieznika [game]
Ultima I (disk 1/2) [game]
Ultima I (disk 2/2) [game]
Ultima I (game) [game]
Ultima I (player) [game]
Ultima II: The Revenge of the Enchantress (disk 1/3) [game]
Ultima II: The Revenge of the Enchantress (disk 2/3) [game]
Ultima II: The Revenge of the Enchantress (disk 3/3) [game]
Ultima III: Exodus (mapedit) [game]
Ultima III: Exodus (playempt) [game]
Ultima III: Exodus (playpowe) [game]
Ultima III: Exodus (program) [game]
Ultima IV: Quest of the Avatar (britania) [game]
Ultima IV: Quest of the Avatar (disk A) [game]
Ultima IV: Quest of the Avatar (disk B) [game]
Ultima IV: Quest of the Avatar (disk C) [game]
Ultima IV: Quest of the Avatar (map_ed1) [game]
Ultima IV: Quest of the Avatar (map_ed2) [game]
Ultima IV: Quest of the Avatar (program) [game]
Ultima IV: Quest of the Avatar (towne) [game]
Unicorn Horn [game]
Unicum [game] (2x)
Unite! [demo]
Unity [demo]
Universal Hero (czech) [game]
Universal Hero [game]
Universe (constr) [game]
Universe (flight1) [game]
Universe (flight2) [game]
Universe (player) [game]
Universe (star) [game]
Universe Intro [demo]
Up Up and Away [game] (2x)
Up for Grabs [game] (2x)
Up'n Down [game] (2x)
Upior [game]
Uridium [game]
V.C. [game] (2x)
Vagabond [demo]
Van Halen - Girl You Really Got Me Now [demo]
Vanadium [game]
Vanguard [game] (3x)
Vasco Public Domain Library #01 (Demo Music 1) (disk 1/2) [mag]
Vasco Public Domain Library #01 (Demo Music 1) (disk 2/2) [mag]
Vasco Public Domain Library #02 (MD8 Music 1) (disk 1/6) [mag]
Vasco Public Domain Library #02 (MD8 Music 1) (disk 2/6) [mag]
Vasco Public Domain Library #02 (MD8 Music 1) (disk 3/6) [mag]
Vasco Public Domain Library #02 (MD8 Music 1) (disk 4/6) [mag]
Vasco Public Domain Library #02 (MD8 Music 1) (disk 5/6) [mag]
Vasco Public Domain Library #02 (MD8 Music 1) (disk 6/6) [mag]
Vasco Public Domain Library #03 (Game Music 1) (disk 1/2) [mag]
Vasco Public Domain Library #03 (Game Music 1) (disk 2/2) [mag]
Vasco Public Domain Library #04 (MD8 Music 2) (disk 1/10) [mag]
Vasco Public Domain Library #04 (MD8 Music 2) (disk 10/10) [mag]
Vasco Public Domain Library #04 (MD8 Music 2) (disk 2/10) [mag]
Vasco Public Domain Library #04 (MD8 Music 2) (disk 3/10) [mag]
Vasco Public Domain Library #04 (MD8 Music 2) (disk 4/10) [mag]
Vasco Public Domain Library #04 (MD8 Music 2) (disk 5/10) [mag]
Vasco Public Domain Library #04 (MD8 Music 2) (disk 6/10) [mag]
Vasco Public Domain Library #04 (MD8 Music 2) (disk 7/10) [mag]
Vasco Public Domain Library #04 (MD8 Music 2) (disk 8/10) [mag]
Vasco Public Domain Library #04 (MD8 Music 2) (disk 9/10) [mag]
Vasco Public Domain Library #05 (Fonts) (disk 1/2) [mag]
Vasco Public Domain Library #05 (Fonts) (disk 2/2) [mag]
Vasco Public Domain Library #07 (Koala 1) (disk 1/2) [mag]
Vasco Public Domain Library #07 (Koala 1) (disk 2/2) [mag]
Vasco Public Domain Library #08 (Gifs 1) (disk 1/4) [mag]
Vasco Public Domain Library #08 (Gifs 1) (disk 2/4) [mag]
Vasco Public Domain Library #08 (Gifs 1) (disk 3/4) [mag]
Vasco Public Domain Library #08 (Gifs 1) (disk 4/4) [mag]
Vasco Public Domain Library #09 (Apac) (disk 1/4) [mag]
Vasco Public Domain Library #09 (Apac) (disk 2/4) [mag]
Vasco Public Domain Library #09 (Apac) (disk 3/4) [mag]
Vasco Public Domain Library #09 (Apac) (disk 4/4) [mag]
Vasco Public Domain Library #10 (Demo Music 2) (disk 1/6) [mag]
Vasco Public Domain Library #10 (Demo Music 2) (disk 2/6) [mag]
Vasco Public Domain Library #10 (Demo Music 2) (disk 3/6) [mag]
Vasco Public Domain Library #10 (Demo Music 2) (disk 4/6) [mag]
Vasco Public Domain Library #10 (Demo Music 2) (disk 5/6) [mag]
Vasco Public Domain Library #10 (Demo Music 2) (disk 6/6) [mag]
Vasco Public Domain Library #11 (Samples) (disk 1/4) [mag]
Vasco Public Domain Library #11 (Samples) (disk 2/4) [mag]
Vasco Public Domain Library #11 (Samples) (disk 3/4) [mag]
Vasco Public Domain Library #11 (Samples) (disk 4/4) [mag]
Vector Scroller [demo]
Vedomosti v hlave [edu]
Vegas Jackpot [game] (2x)
Venus Voyager 2 [game]
Veronika [demo]
Vicky (title) [game]
Vicky [game] (2x)
Video Classics (pirated) [game]
Video Classics [game]
Videopoly [game]
Videostop [game]
Viper [game] (3x)
Visdom [demo]
Vroom [demo]
W.A.F. Megademo (disk 1/2) [demo]
W.A.F. Megademo (disk 2/2) [demo]
WSWUF [demo]
Wall War [game]
Walls [game] (2x)
Wanted (disk 1/2) [demo]
Wanted (disk 2/2) [demo]
War in Russia [game]
War-Copter [game]
Wargame Construction Set (disk 1/4) [game]
Wargame Construction Set (disk 2/4) [game]
Wargame Construction Set (disk 3/4) [game]
Wargame Construction Set (disk 4/4) [game]
Wargames [game] (4x)
Warhawk [game] (3x)
Warlok [game] (2x)
Warlords [game] (2x)
Warpzone [game] (2x)
Warrior [game]
Warrior of Ras 1: Dunzhin [game] (2x)
Warrior of Ras 2: Kaiv [game]
Warrior of Ras 3: The Wylde [game]
Warrior of Ras 4: Ziggurat [game]
Warsaw Tetris [game]
Water Ski School [game] (2x)
Waves [demo]
Wavy Navy (pirated) [game] (2x)
Wavy Navy [game]
Wayout [game]
We Will Use Your $d40f [demo]
Weakon [game] (2x)
Web Master [game]
Webster: The Word Game [game]
Weganoid [game]
What Have I Done to Deserve This [demo]
What [demo]
What's Different [game]
Wheel of Fortune [game]
Whiplash [demo]
Whirlinurd [game] (3x)
Whistler's Brother [game]
Whiz Kid [game] (2x)
Who Dares Wins 2 [game]
Whomper Stomper [game] (3x)
Whoops 2 [game]
Wing Wars (pirated) [game]
Wing Wars [game] (2x)
Wingman [game] (2x)
Winter Olympiad 88 (side 1/4) [game]
Winter Olympiad 88 (side 2/4) [game]
Winter Olympiad 88 (side 3/4) [game]
Winter Olympiad 88 (side 4/4) [game]
Winter Olympics [game]
Winter Wally (pirated) [game]
Winter Wally [game]
Wiosna zwierzatek [demo]
Wishbringer: The Magick Stone of Dreams (disk 1/2 release 68) [game]
Wishbringer: The Magick Stone of Dreams (disk 2/2 release 68) [game]
Wisielec [game] (2x)
Witness (disk 1/2 revision 13) [game]
Witness (disk 2/2 revision 13) [game]
Wizard of Wor [game] (3x)
Wizard's Crown (d1) [game]
Wizard's Crown (d2) [game]
Wizard's Crown (game 1) [game]
Wizard's Crown (game 2) [game]
Wizard's Gold [game]
Wizards and Dragons [game]
Wiztype [game]
Wladca (compressed) [game]
Wladca [game]
Wladcy Ciemnosci [game]
Wloczykij [game] (3x)
Wobbly Demo [demo]
Wojna i pokoj [demo]
Wombats I [game]
Wombel [game]
Wordmaker [game]
Words are Fun [game]
World History [edu]
World Karate Championship [game] (2x)
World Soccer [game]
World War III [game]
World of Wonder [demo]
Worm War I [game] (3x)
Worm [game]
Worms? [game] (3x)
Wowcop [demo]
Wumpus Hunter [game] (2x)
Wumpus [game]
Wyzle! [game] (2x)
X-Animation [demo]
X-Demo [demo]
X-Digital Pic [demo]
X-Files [demo]
X-Fire [game]
XL Arabian [rom]
XL Rev 01 [rom]
XL Rev 010a [rom]
XL Rev 02 [rom]
XL Rev 03 [rom]
XL Rev 04 [rom]
XPoker [game] (3x)
Xagon [game] (4x)
Xenon Raid [game]
Xevious (5200) [game] (4x)
Xtal (docs) [game]
Xtal (game) [game]
Yahtzee [game]
Yargos Dilemma Pt 1 [game] (2x)
Yogi Bear in the Greed Monster [game] (3x)
Yogi's Great Escape [game]
Yogi's Mega Image (No.1) [collection]
You've Got the Look [demo]
Your Body My Body [demo]
ZBIR [game]
Zabarachuda neboli Poklad sileneho vynalezce [game]
Zador II [game]
Zador [game]
Zahlrat [game]
Zand's Labyrinth (ver 1) [game]
Zand's Labyrinth (ver 2) [game]
Zardon [game] (2x)
Zaxxon (filed) [game]
Zaxxon [game] (4x)
Zebu-Land [game] (2x)
Zebuland Construction Kit [game]
Zenji (verified dump) [game]
Zenji [game] (2x)
Zeppelin (trainer) [game]
Zeppelin [game] (3x)
Zeta Affair [game]
Zeus (compressed) [game]
Zeus [game]
Zipper Pinball [game]
Zombies (compressed) [game]
Zombies [game] (4x)
Zone Ranger [game] (4x)
Zone X [game] (3x)
Zork 1: The Great Underground Empire (disk 1/2 rev 88) [game]
Zork 1: The Great Underground Empire (disk 2/2 rev 88) [game]
Zork 1: The Great Underground Empire (rev 75) [game]
Zork 2: The Wizard of Frobozz (rel 15) [game]
Zork 2: The Wizard of Frobozz (side 1 ver 48) [game]
Zork 2: The Wizard of Frobozz (side 2 ver 48) [game]
Zork 3: The Dungeon Master (release 10) [game]
Zorro (file ver) [game]
Zorro [game] (4x)
Zrebak (Partro) [demo]
Zuzel [game]
Zybex (filed) [game]
Zybex (trainer) [game]
Zybex [game] (7x)
Zyclop [game]

---------------------------------------------------------------------------
Stats:
Len counts:  2157
MD5 counts:  4288
Name counts: 2785
Len length:  25884
MD5 length:  120064
Name length: 37145
Total length:183093
Images count:  4288
Images length: 196097879
